Component: ARM Compiler 5.06 update 6 (build 750) Tool: armlink [4d35ed]

==============================================================================

Section Cross References

    main.o(i.main) refers to sys.o(i.Cache_Enable) for Cache_Enable
    main.o(i.main) refers to stm32h7xx_hal.o(i.HAL_Init) for HAL_Init
    main.o(i.main) refers to sys.o(i.Stm32_Clock_Init) for Stm32_Clock_Init
    main.o(i.main) refers to delay.o(i.delay_init) for delay_init
    main.o(i.main) refers to usart.o(i.uart_init) for uart_init
    main.o(i.main) refers to led.o(i.LED_Init) for LED_Init
    main.o(i.main) refers to key.o(i.KEY_Init) for KEY_Init
    main.o(i.main) refers to sdram.o(i.SDRAM_Init) for SDRAM_Init
    main.o(i.main) refers to lcd.o(i.LCD_Init) for LCD_Init
    main.o(i.main) refers to dma.o(i.MYDMA_Config) for MYDMA_Config
    main.o(i.main) refers to lcd.o(i.LCD_ShowString) for LCD_ShowString
    main.o(i.main) refers to key.o(i.KEY_Scan) for KEY_Scan
    main.o(i.main) refers to noretval__2printf.o(.text) for __2printf
    main.o(i.main) refers to stm32h7xx_hal_uart.o(i.HAL_UART_Transmit_DMA) for HAL_UART_Transmit_DMA
    main.o(i.main) refers to stm32h7xx_hal_uart.o(i.HAL_UART_DMAStop) for HAL_UART_DMAStop
    main.o(i.main) refers to lcd.o(i.LCD_ShowNum) for LCD_ShowNum
    main.o(i.main) refers to delay.o(i.delay_ms) for delay_ms
    main.o(i.main) refers to stm32h7xx_hal_gpio.o(i.HAL_GPIO_TogglePin) for HAL_GPIO_TogglePin
    main.o(i.main) refers to usmart_config.o(.data) for usmart_dev
    main.o(i.main) refers to lcd.o(.data) for POINT_COLOR
    main.o(i.main) refers to main.o(.bss) for SendBuff
    main.o(i.main) refers to main.o(.constdata) for TEXT_TO_SEND
    main.o(i.main) refers to usart.o(.bss) for UART1_Handler
    main.o(i.main) refers to dma.o(.bss) for UART1TxDMA_Handler
    stm32h7xx_it.o(i.SysTick_Handler) refers to stm32h7xx_hal.o(i.HAL_IncTick) for HAL_IncTick
    system_stm32h7xx.o(i.SystemCoreClockUpdate) refers to system_stm32h7xx.o(.data) for SystemCoreClock
    system_stm32h7xx.o(i.SystemCoreClockUpdate) refers to system_stm32h7xx.o(.constdata) for D1CorePrescTable
    startup_stm32h743xx.o(STACK) refers (Special) to heapauxi.o(.text) for __use_two_region_memory
    startup_stm32h743xx.o(HEAP) refers (Special) to heapauxi.o(.text) for __use_two_region_memory
    startup_stm32h743xx.o(RESET) refers (Special) to heapauxi.o(.text) for __use_two_region_memory
    startup_stm32h743xx.o(RESET) refers to startup_stm32h743xx.o(STACK) for __initial_sp
    startup_stm32h743xx.o(RESET) refers to startup_stm32h743xx.o(.text) for Reset_Handler
    startup_stm32h743xx.o(RESET) refers to stm32h7xx_it.o(i.NMI_Handler) for NMI_Handler
    startup_stm32h743xx.o(RESET) refers to stm32h7xx_it.o(i.HardFault_Handler) for HardFault_Handler
    startup_stm32h743xx.o(RESET) refers to stm32h7xx_it.o(i.BusFault_Handler) for BusFault_Handler
    startup_stm32h743xx.o(RESET) refers to stm32h7xx_it.o(i.UsageFault_Handler) for UsageFault_Handler
    startup_stm32h743xx.o(RESET) refers to stm32h7xx_it.o(i.SVC_Handler) for SVC_Handler
    startup_stm32h743xx.o(RESET) refers to stm32h7xx_it.o(i.DebugMon_Handler) for DebugMon_Handler
    startup_stm32h743xx.o(RESET) refers to stm32h7xx_it.o(i.PendSV_Handler) for PendSV_Handler
    startup_stm32h743xx.o(RESET) refers to stm32h7xx_it.o(i.SysTick_Handler) for SysTick_Handler
    startup_stm32h743xx.o(RESET) refers to usmart.o(i.TIM4_IRQHandler) for TIM4_IRQHandler
    startup_stm32h743xx.o(RESET) refers to usart.o(i.USART1_IRQHandler) for USART1_IRQHandler
    startup_stm32h743xx.o(.text) refers (Special) to heapauxi.o(.text) for __use_two_region_memory
    startup_stm32h743xx.o(.text) refers to system_stm32h7xx.o(i.SystemInit) for SystemInit
    startup_stm32h743xx.o(.text) refers to __main.o(!!!main) for __main
    startup_stm32h743xx.o(.text) refers to startup_stm32h743xx.o(HEAP) for Heap_Mem
    startup_stm32h743xx.o(.text) refers to startup_stm32h743xx.o(STACK) for Stack_Mem
    delay.o(i.delay_init) refers to stm32h7xx_hal_cortex.o(i.HAL_SYSTICK_CLKSourceConfig) for HAL_SYSTICK_CLKSourceConfig
    delay.o(i.delay_init) refers to delay.o(.data) for fac_us
    delay.o(i.delay_ms) refers to delay.o(i.delay_us) for delay_us
    delay.o(i.delay_us) refers to delay.o(.data) for fac_us
    sys.o(i.Cache_Enable) refers to sys.o(i.SCB_EnableICache) for SCB_EnableICache
    sys.o(i.Cache_Enable) refers to sys.o(i.SCB_EnableDCache) for SCB_EnableDCache
    sys.o(i.Stm32_Clock_Init) refers to stm32h7xx_hal_rcc.o(i.HAL_RCC_OscConfig) for HAL_RCC_OscConfig
    sys.o(i.Stm32_Clock_Init) refers to stm32h7xx_hal_rcc.o(i.HAL_RCC_ClockConfig) for HAL_RCC_ClockConfig
    sys.o(i.Stm32_Clock_Init) refers to stm32h7xx_hal.o(i.HAL_EnableCompensationCell) for HAL_EnableCompensationCell
    usart.o(i.HAL_UART_MspInit) refers to stm32h7xx_hal_gpio.o(i.HAL_GPIO_Init) for HAL_GPIO_Init
[...]
    i.LCD_WR_DATA                            0x080074cc   Section        0  lcd.o(i.LCD_WR_DATA)
    i.LCD_WR_REG                             0x080074e4   Section        0  lcd.o(i.LCD_WR_REG)
    i.LCD_WriteRAM_Prepare                   0x080074fc   Section        0  lcd.o(i.LCD_WriteRAM_Prepare)
    i.LCD_WriteReg                           0x08007510   Section        0  lcd.o(i.LCD_WriteReg)
    i.LED_Init                               0x08007520   Section        0  led.o(i.LED_Init)
    i.LTDC_Clear                             0x08007578   Section        0  ltdc.o(i.LTDC_Clear)
    i.LTDC_Clk_Set                           0x0800759c   Section        0  ltdc.o(i.LTDC_Clk_Set)
    i.LTDC_Display_Dir                       0x080075cc   Section        0  ltdc.o(i.LTDC_Display_Dir)
    i.LTDC_Draw_Point                        0x080075f8   Section        0  ltdc.o(i.LTDC_Draw_Point)
    i.LTDC_Fill                              0x08007648   Section        0  ltdc.o(i.LTDC_Fill)
    i.LTDC_Init                              0x08007790   Section        0  ltdc.o(i.LTDC_Init)
    i.LTDC_Layer_Parameter_Config            0x08007ba0   Section        0  ltdc.o(i.LTDC_Layer_Parameter_Config)
    i.LTDC_Layer_Window_Config               0x08007c1c   Section        0  ltdc.o(i.LTDC_Layer_Window_Config)
    i.LTDC_PanelID_Read                      0x08007c4c   Section        0  ltdc.o(i.LTDC_PanelID_Read)
    i.LTDC_Select_Layer                      0x08007d20   Section        0  ltdc.o(i.LTDC_Select_Layer)
    i.LTDC_SetConfig                         0x08007d2c   Section        0  stm32h7xx_hal_ltdc.o(i.LTDC_SetConfig)
    LTDC_SetConfig                           0x08007d2d   Thumb Code   530  stm32h7xx_hal_ltdc.o(i.LTDC_SetConfig)
    i.MYDMA_Config                           0x08007f40   Section        0  dma.o(i.MYDMA_Config)
    i.NMI_Handler                            0x08007fe4   Section        0  stm32h7xx_it.o(i.NMI_Handler)
    i.PendSV_Handler                         0x08007fe6   Section        0  stm32h7xx_it.o(i.PendSV_Handler)
    i.RCCEx_PLL2_Config                      0x08007fe8   Section        0  stm32h7xx_hal_rcc_ex.o(i.RCCEx_PLL2_Config)
    RCCEx_PLL2_Config                        0x08007fe9   Thumb Code   300  stm32h7xx_hal_rcc_ex.o(i.RCCEx_PLL2_Config)
    i.RCCEx_PLL3_Config                      0x08008118   Section        0  stm32h7xx_hal_rcc_ex.o(i.RCCEx_PLL3_Config)
    RCCEx_PLL3_Config                        0x08008119   Thumb Code   300  stm32h7xx_hal_rcc_ex.o(i.RCCEx_PLL3_Config)
    i.SCB_EnableDCache                       0x08008248   Section        0  sys.o(i.SCB_EnableDCache)
    SCB_EnableDCache                         0x08008249   Thumb Code   148  sys.o(i.SCB_EnableDCache)
    i.SCB_EnableICache                       0x080082e4   Section        0  sys.o(i.SCB_EnableICache)
    SCB_EnableICache                         0x080082e5   Thumb Code   116  sys.o(i.SCB_EnableICache)
    i.SDRAM_Init                             0x08008360   Section        0  sdram.o(i.SDRAM_Init)
    i.SDRAM_Initialization_Sequence          0x080083c8   Section        0  sdram.o(i.SDRAM_Initialization_Sequence)
    i.SDRAM_Send_Cmd                         0x0800841c   Section        0  sdram.o(i.SDRAM_Send_Cmd)
    i.SVC_Handler                            0x08008464   Section        0  stm32h7xx_it.o(i.SVC_Handler)
    i.Stm32_Clock_Init                       0x08008468   Section        0  sys.o(i.Stm32_Clock_Init)
    i.SysTick_Handler                        0x08008560   Section        0  stm32h7xx_it.o(i.SysTick_Handler)
    i.SystemInit                             0x08008568   Section        0  system_stm32h7xx.o(i.SystemInit)
    i.TIM4_IRQHandler                        0x080085fc   Section        0  usmart.o(i.TIM4_IRQHandler)
    i.TIM_Base_SetConfig                     0x08008640   Section        0  stm32h7xx_hal_tim.o(i.TIM_Base_SetConfig)
    i.Timer4_Init                            0x0800870c   Section        0  usmart.o(i.Timer4_Init)
    i.UART_AdvFeatureConfig                  0x08008768   Section        0  stm32h7xx_hal_uart.o(i.UART_AdvFeatureConfig)
    i.UART_CheckIdleState                    0x08008852   Section        0  stm32h7xx_hal_uart.o(i.UART_CheckIdleState)
    i.UART_DMAAbortOnError                   0x080088c6   Section        0  stm32h7xx_hal_uart.o(i.UART_DMAAbortOnError)
    UART_DMAAbortOnError                     0x080088c7   Thumb Code    24  stm32h7xx_hal_uart.o(i.UART_DMAAbortOnError)
    i.UART_DMAError                          0x080088de   Section        0  stm32h7xx_hal_uart.o(i.UART_DMAError)
    UART_DMAError                            0x080088df   Thumb Code    92  stm32h7xx_hal_uart.o(i.UART_DMAError)
    i.UART_DMATransmitCplt                   0x0800893a   Section        0  stm32h7xx_hal_uart.o(i.UART_DMATransmitCplt)
    UART_DMATransmitCplt                     0x0800893b   Thumb Code    54  stm32h7xx_hal_uart.o(i.UART_DMATransmitCplt)
    i.UART_DMATxHalfCplt                     0x08008970   Section        0  stm32h7xx_hal_uart.o(i.UART_DMATxHalfCplt)
    UART_DMATxHalfCplt                       0x08008971   Thumb Code    14  stm32h7xx_hal_uart.o(i.UART_DMATxHalfCplt)
    i.UART_EndRxTransfer                     0x0800897e   Section        0  stm32h7xx_hal_uart.o(i.UART_EndRxTransfer)
    UART_EndRxTransfer                       0x0800897f   Thumb Code    32  stm32h7xx_hal_uart.o(i.UART_EndRxTransfer)
    i.UART_EndTransmit_IT                    0x0800899e   Section        0  stm32h7xx_hal_uart.o(i.UART_EndTransmit_IT)
    UART_EndTransmit_IT                      0x0800899f   Thumb Code    32  stm32h7xx_hal_uart.o(i.UART_EndTransmit_IT)
    i.UART_EndTxTransfer                     0x080089be   Section        0  stm32h7xx_hal_uart.o(i.UART_EndTxTransfer)
    UART_EndTxTransfer                       0x080089bf   Thumb Code    20  stm32h7xx_hal_uart.o(i.UART_EndTxTransfer)
    i.UART_Receive_IT                        0x080089d2   Section        0  stm32h7xx_hal_uart.o(i.UART_Receive_IT)
    UART_Receive_IT                          0x080089d3   Thumb Code   138  stm32h7xx_hal_uart.o(i.UART_Receive_IT)
    i.UART_SetConfig                         0x08008a5c   Section        0  stm32h7xx_hal_uart.o(i.UART_SetConfig)
    i.UART_Transmit_IT                       0x08009400   Section        0  stm32h7xx_hal_uart.o(i.UART_Transmit_IT)
    UART_Transmit_IT                         0x08009401   Thumb Code   130  stm32h7xx_hal_uart.o(i.UART_Transmit_IT)
    i.UART_WaitOnFlagUntilTimeout            0x08009482   Section        0  stm32h7xx_hal_uart.o(i.UART_WaitOnFlagUntilTimeout)
    i.USART1_IRQHandler                      0x080094f0   Section        0  usart.o(i.USART1_IRQHandler)
    i.UsageFault_Handler                     0x08009540   Section        0  stm32h7xx_it.o(i.UsageFault_Handler)
    i.__NVIC_GetPriorityGrouping             0x08009544   Section        0  stm32h7xx_hal_cortex.o(i.__NVIC_GetPriorityGrouping)
    __NVIC_GetPriorityGrouping               0x08009545   Thumb Code    10  stm32h7xx_hal_cortex.o(i.__NVIC_GetPriorityGrouping)
    i.__NVIC_SetPriority                     0x08009554   Section        0  stm32h7xx_hal_cortex.o(i.__NVIC_SetPriority)
    __NVIC_SetPriority                       0x08009555   Thumb Code    32  stm32h7xx_hal_cortex.o(i.__NVIC_SetPriority)
    i._is_digit                              0x0800957c   Section        0  __printf_wp.o(i._is_digit)
    i._sys_exit                              0x0800958a   Section        0  usart.o(i._sys_exit)
    i.delay_init                             0x08009590   Section        0  delay.o(i.delay_init)
    i.delay_ms                               0x080095a4   Section        0  delay.o(i.delay_ms)
    i.delay_us                               0x080095bc   Section        0  delay.o(i.delay_us)
    i.fputc                                  0x08009604   Section        0  usart.o(i.fputc)
    i.main                                   0x08009620   Section        0  main.o(i.main)
    i.read_addr                              0x080099ac   Section        0  usmart.o(i.read_addr)
    i.uart_init                              0x080099b4   Section        0  usart.o(i.uart_init)
    i.usmart_cmd_rec                         0x080099ec   Section        0  usmart.o(i.usmart_cmd_rec)
    i.usmart_exe                             0x08009a9c   Section        0  usmart.o(i.usmart_exe)
    i.usmart_get_aparm                       0x08009d70   Section        0  usmart_str.o(i.usmart_get_aparm)
    i.usmart_get_cmdname                     0x08009e44   Section        0  usmart_str.o(i.usmart_get_cmdname)
    i.usmart_get_fname                       0x08009e7c   Section        0  usmart_str.o(i.usmart_get_fname)
    i.usmart_get_fparam                      0x0800a03c   Section        0  usmart_str.o(i.usmart_get_fparam)
    i.usmart_get_parmpos                     0x0800a148   Section        0  usmart_str.o(i.usmart_get_parmpos)
    i.usmart_get_runtime                     0x0800a168   Section        0  usmart.o(i.usmart_get_runtime)
    i.usmart_init                            0x0800a1ac   Section        0  usmart.o(i.usmart_init)
    i.usmart_pow                             0x0800a1d4   Section        0  usmart_str.o(i.usmart_pow)
    i.usmart_reset_runtime                   0x0800a1ec   Section        0  usmart.o(i.usmart_reset_runtime)
    i.usmart_scan                            0x0800a220   Section        0  usmart.o(i.usmart_scan)
    i.usmart_search_nextc                    0x0800a2dc   Section        0  usmart_str.o(i.usmart_search_nextc)
    i.usmart_str2num                         0x0800a2f2   Section        0  usmart_str.o(i.usmart_str2num)
    i.usmart_strcmp                          0x0800a3f8   Section        0  usmart_str.o(i.usmart_strcmp)
    i.usmart_strcopy                         0x0800a41a   Section        0  usmart_str.o(i.usmart_strcopy)
    i.usmart_strlen                          0x0800a430   Section        0  usmart_str.o(i.usmart_strlen)
    i.usmart_sys_cmd_exe                     0x0800a448   Section        0  usmart.o(i.usmart_sys_cmd_exe)
    i.write_addr                             0x0800ab3c   Section        0  usmart.o(i.write_addr)
    x$fpl$fpinit                             0x0800ab40   Section       10  fpinit.o(x$fpl$fpinit)
    $v0                                      0x0800ab40   Number         0  fpinit.o(x$fpl$fpinit)
    .constdata                               0x0800ab4a   Section       85  main.o(.constdata)
    UARTPrescTable                           0x0800ab4a   Data          24  main.o(.constdata)
    USARTPrescTable                          0x0800ab62   Data          24  main.o(.constdata)
    .constdata                               0x0800aba0   Section       64  system_stm32h7xx.o(.constdata)
    UARTPrescTable                           0x0800aba0   Data          24  system_stm32h7xx.o(.constdata)
    USARTPrescTable                          0x0800abb8   Data          24  system_stm32h7xx.o(.constdata)
    .constdata                               0x0800abe0   Section       56  stm32h7xx_hal_dma.o(.constdata)
    UARTPrescTable                           0x0800abe0   Data          24  stm32h7xx_hal_dma.o(.constdata)
    USARTPrescTable                          0x0800abf8   Data          24  stm32h7xx_hal_dma.o(.constdata)
    flagBitshiftOffset                       0x0800ac10   Data           8  stm32h7xx_hal_dma.o(.constdata)
    .constdata                               0x0800ac18   Section       48  stm32h7xx_hal_uart.o(.constdata)
    UARTPrescTable                           0x0800ac18   Data          24  stm32h7xx_hal_uart.o(.constdata)
    USARTPrescTable                          0x0800ac30   Data          24  stm32h7xx_hal_uart.o(.constdata)
    .constdata                               0x0800ac48   Section    18288  lcd.o(.constdata)
    UARTPrescTable                           0x0800ac48   Data          24  lcd.o(.constdata)
    USARTPrescTable                          0x0800ac60   Data          24  lcd.o(.constdata)
    .constdata                               0x0800f3b8   Section       40  _printf_hex_int.o(.constdata)
    uc_hextab                                0x0800f3b8   Data          20  _printf_hex_int.o(.constdata)
    lc_hextab                                0x0800f3cc   Data          20  _printf_hex_int.o(.constdata)
    .constdata                               0x0800f3e0   Section       17  __printf_flags_ss_wp.o(.constdata)
    maptable                                 0x0800f3e0   Data          17  __printf_flags_ss_wp.o(.constdata)
    .conststring                             0x0800f3f4   Section       40  usmart.o(.conststring)
    .conststring                             0x0800f41c   Section       60  usmart_config.o(.conststring)
    .data                                    0x24000000   Section        8  system_stm32h7xx.o(.data)
    .data                                    0x24000008   Section        4  delay.o(.data)
    fac_us                                   0x24000008   Data           4  delay.o(.data)
    .data                                    0x2400000c   Section        7  usart.o(.data)
    .data                                    0x24000014   Section        9  stm32h7xx_hal.o(.data)
    uwTick                                   0x24000014   Data           4  stm32h7xx_hal.o(.data)
    uwTickPrio                               0x24000018   Data           4  stm32h7xx_hal.o(.data)
    uwTickFreq                               0x2400001c   Data           1  stm32h7xx_hal.o(.data)
    .data                                    0x2400001d   Section        1  key.o(.data)
    key_up                                   0x2400001d   Data           1  key.o(.data)
    .data                                    0x24000020   Section        8  lcd.o(.data)
    .data                                    0x24000028   Section        8  ltdc.o(.data)
    .data                                    0x24000030   Section       28  usmart.o(.data)
    .data                                    0x2400004c   Section      260  usmart_config.o(.data)
    .bss                                     0x24000150   Section     7800  main.o(.bss)
    .bss                                     0x24001fc8   Section      328  usart.o(.bss)
    .bss                                     0x24002110   Section       52  sdram.o(.bss)
    .bss                                     0x24002144   Section       90  lcd.o(.bss)
    .bss                                     0x240021a0   Section      296  ltdc.o(.bss)
    .bss                                     0x240022c8   Section      120  dma.o(.bss)
    .bss                                     0x24002340   Section       64  usmart.o(.bss)
    .bss                                     0x24002380   Section       96  libspace.o(.bss)
    HEAP                                     0x240023e0   Section      512  startup_stm32h743xx.o(HEAP)
    Heap_Mem                                 0x240023e0   Data         512  startup_stm32h743xx.o(HEAP)
    STACK                                    0x240025e0   Section     1024  startup_stm32h743xx.o(STACK)
    Stack_Mem                                0x240025e0   Data        1024  startup_stm32h743xx.o(STACK)
    __initial_sp                             0x240029e0   Data           0  startup_stm32h743xx.o(STACK)
    .ARM.__AT_0xC0000000                     0xc0000000   Section    2048000  ltdc.o(.ARM.__AT_0xC0000000)

    Global Symbols

    Symbol Name                              Value     Ov Type        Size  Object(Section)

    BuildAttributes$$THM_ISAv4$E$P$D$K$B$S$7EM$VFPv5_D16$PE$PLD8$A:L22UL41UL21$X:L11$S22US41US21$IEEE1$IW$USESV6$~STKCKD$USESV7$~SHL$OSPACE$ROPI$EBA8$UX$STANDARDLIB$REQ8$PRES8$EABIv2 0x00000000   Number         0  anon$$obj.o ABSOLUTE
    __ARM_use_no_argv                        0x00000000   Number         0  main.o ABSOLUTE
    _printf_flags                            0x00000000   Number         0  printf_stubs.o ABSOLUTE
    _printf_return_value                     0x00000000   Number         0  printf_stubs.o ABSOLUTE
    _printf_sizespec                         0x00000000   Number         0  printf_stubs.o ABSOLUTE
    _printf_widthprec                        0x00000000   Number         0  printf_stubs.o ABSOLUTE
    __ARM_exceptions_init                     - Undefined Weak Reference
    __alloca_initialize                       - Undefined Weak Reference
    __arm_preinit_                            - Undefined Weak Reference
    __cpp_initialize__aeabi_                  - Undefined Weak Reference
    __cxa_finalize                            - Undefined Weak Reference
    __rt_locale                               - Undefined Weak Reference
    __sigvec_lookup                           - Undefined Weak Reference
    _atexit_init                              - Undefined Weak Reference
    _call_atexit_fns                          - Undefined Weak Reference
    _clock_init                               - Undefined Weak Reference
    _fp_trap_init                             - Undefined Weak Reference
    _fp_trap_shutdown                         - Undefined Weak Reference
    _get_lc_collate                           - Undefined Weak Reference
    _get_lc_ctype                             - Undefined Weak Reference
    _get_lc_monetary                          - Undefined Weak Reference
    _get_lc_numeric                           - Undefined Weak Reference
    _get_lc_time                              - Undefined Weak Reference
    _getenv_init                              - Undefined Weak Reference
    _handle_redirection                       - Undefined Weak Reference
    _init_alloc                               - Undefined Weak Reference
    _init_user_alloc                          - Undefined Weak Reference
    _initio                                   - Undefined Weak Reference
    _mutex_acquire                            - Undefined Weak Reference
    _mutex_release                            - Undefined Weak Reference
    _printf_mbtowc                            - Undefined Weak Reference
    _printf_truncate_signed                   - Undefined Weak Reference
    _printf_truncate_unsigned                 - Undefined Weak Reference
    _rand_init                                - Undefined Weak Reference
    _signal_finish                            - Undefined Weak Reference
    _signal_init                              - Undefined Weak Reference
    _terminate_alloc                          - Undefined Weak Reference
    _terminate_user_alloc                     - Undefined Weak Reference
    _terminateio                              - Undefined Weak Reference
    __Vectors_Size                           0x00000298   Number         0  startup_stm32h743xx.o ABSOLUTE
    __Vectors                                0x08000000   Data           4  startup_stm32h743xx.o(RESET)
    __Vectors_End                            0x08000298   Data           0  startup_stm32h743xx.o(RESET)
    __main                                   0x08000299   Thumb Code     8  __main.o(!!!main)
    __scatterload                            0x080002a1   Thumb Code     0  __scatter.o(!!!scatter)
    __scatterload_rt2                        0x080002a1   Thumb Code    44  __scatter.o(!!!scatter)
    __scatterload_rt2_thumb_only             0x080002a1   Thumb Code     0  __scatter.o(!!!scatter)
    __scatterload_null                       0x080002af   Thumb Code     0  __scatter.o(!!!scatter)
    __decompress                             0x080002d5   Thumb Code    90  __dczerorl2.o(!!dczerorl2)
    __decompress1                            0x080002d5   Thumb Code     0  __dczerorl2.o(!!dczerorl2)
    __scatterload_zeroinit                   0x08000331   Thumb Code    28  __scatter_zi.o(!!handler_zi)
    _printf_d                                0x0800034d   Thumb Code     0  _printf_d.o(.ARM.Collect$$_printf_percent$$00000009)
    _printf_percent                          0x0800034d   Thumb Code     0  _printf_percent.o(.ARM.Collect$$_printf_percent$$00000000)
    _printf_u                                0x08000353   Thumb Code     0  _printf_u.o(.ARM.Collect$$_printf_percent$$0000000A)
    _printf_x                                0x08000359   Thumb Code     0  _printf_x.o(.ARM.Collect$$_printf_percent$$0000000C)
    _printf_c                                0x0800035f   Thumb Code     0  _printf_c.o(.ARM.Collect$$_printf_percent$$00000013)
    _printf_s                                0x08000365   Thumb Code     0  _printf_s.o(.ARM.Collect$$_printf_percent$$00000014)
    _printf_percent_end                      0x0800036b   Thumb Code     0  _printf_percent_end.o(.ARM.Collect$$_printf_percent$$00000017)
    __rt_lib_init                            0x0800036f   Thumb Code     0  libinit.o(.ARM.Collect$$libinit$$00000000)
    __rt_lib_init_fp_1                       0x08000371   Thumb Code     0  libinit2.o(.ARM.Collect$$libinit$$00000001)
    __rt_lib_init_alloca_1                   0x08000375   Thumb Code     0  libinit2.o(.ARM.Collect$$libinit$$0000002E)
    __rt_lib_init_argv_1                     0x08000375   Thumb Code     0  libinit2.o(.ARM.Collect$$libinit$$0000002C)
    __rt_lib_init_atexit_1                   0x08000375   Thumb Code     0  libinit2.o(.ARM.Collect$$libinit$$0000001B)
    __rt_lib_init_clock_1                    0x08000375   Thumb Code     0  libinit2.o(.ARM.Collect$$libinit$$00000021)
    __rt_lib_init_cpp_1                      0x08000375   Thumb Code     0  libinit2.o(.ARM.Collect$$libinit$$00000032)
    __rt_lib_init_exceptions_1               0x08000375   Thumb Code     0  libinit2.o(.ARM.Collect$$libinit$$00000030)
    __rt_lib_init_fp_trap_1                  0x08000375   Thumb Code     0  libinit2.o(.ARM.Collect$$libinit$$0000001F)
    __rt_lib_init_getenv_1                   0x08000375   Thumb Code     0  libinit2.o(.ARM.Collect$$libinit$$00000023)
    __rt_lib_init_heap_1                     0x08000375   Thumb Code     0  libinit2.o(.ARM.Collect$$libinit$$0000000A)
    __rt_lib_init_lc_collate_1               0x08000375   Thumb Code     0  libinit2.o(.ARM.Collect$$libinit$$00000011)
    __rt_lib_init_lc_ctype_1                 0x08000375   Thumb Code     0  libinit2.o(.ARM.Collect$$libinit$$00000013)
    __rt_lib_init_lc_monetary_1              0x08000375   Thumb Code     0  libinit2.o(.ARM.Collect$$libinit$$00000015)
    __rt_lib_init_lc_numeric_1               0x08000375   Thumb Code     0  libinit2.o(.ARM.Collect$$libinit$$00000017)
    __rt_lib_init_lc_time_1                  0x08000375   Thumb Code     0  libinit2.o(.ARM.Collect$$libinit$$00000019)
    __rt_lib_init_preinit_1                  0x08000375   Thumb Code     0  libinit2.o(.ARM.Collect$$libinit$$00000004)
    __rt_lib_init_rand_1                     0x08000375   Thumb Code     0  libinit2.o(.ARM.Collect$$libinit$$0000000E)
    __rt_lib_init_return                     0x08000375   Thumb Code     0  libinit2.o(.ARM.Collect$$libinit$$00000033)
    __rt_lib_init_signal_1                   0x08000375   Thumb Code     0  libinit2.o(.ARM.Collect$$libinit$$0000001D)
    __rt_lib_init_stdio_1                    0x08000375   Thumb Code     0  libinit2.o(.ARM.Collect$$libinit$$00000025)
    __rt_lib_init_user_alloc_1               0x08000375   Thumb Code     0  libinit2.o(.ARM.Collect$$libinit$$0000000C)
    __rt_lib_shutdown                        0x08000377   Thumb Code     0  libshutdown.o(.ARM.Collect$$libshutdown$$00000000)
    __rt_lib_shutdown_cpp_1                  0x08000379   Thumb Code     0  libshutdown2.o(.ARM.Collect$$libshutdown$$00000002)
    __rt_lib_shutdown_fp_trap_1              0x08000379   Thumb Code     0  libshutdown2.o(.ARM.Collect$$libshutdown$$00000007)
    __rt_lib_shutdown_heap_1                 0x08000379   Thumb Code     0  libshutdown2.o(.ARM.Collect$$libshutdown$$0000000F)
    __rt_lib_shutdown_return                 0x08000379   Thumb Code     0  libshutdown2.o(.ARM.Collect$$libshutdown$$00000010)
    __rt_lib_shutdown_signal_1               0x08000379   Thumb Code     0  libshutdown2.o(.ARM.Collect$$libshutdown$$0000000A)
    __rt_lib_shutdown_stdio_1                0x08000379   Thumb Code     0  libshutdown2.o(.ARM.Collect$$libshutdown$$00000004)
    __rt_lib_shutdown_user_alloc_1           0x08000379   Thumb Code     0  libshutdown2.o(.ARM.Collect$$libshutdown$$0000000C)
    __rt_entry                               0x0800037b   Thumb Code     0  __rtentry.o(.ARM.Collect$$rtentry$$00000000)
    __rt_entry_presh_1                       0x0800037b   Thumb Code     0  __rtentry2.o(.ARM.Collect$$rtentry$$00000002)
    __rt_entry_sh                            0x0800037b   Thumb Code     0  __rtentry4.o(.ARM.Collect$$rtentry$$00000004)
    __rt_entry_li                            0x08000381   Thumb Code     0  __rtentry2.o(.ARM.Collect$$rtentry$$0000000A)
    __rt_entry_postsh_1                      0x08000381   Thumb Code     0  __rtentry2.o(.ARM.Collect$$rtentry$$00000009)
    __rt_entry_main                          0x08000385   Thumb Code     0  __rtentry2.o(.ARM.Collect$$rtentry$$0000000D)
    __rt_entry_postli_1                      0x08000385   Thumb Code     0  __rtentry2.o(.ARM.Collect$$rtentry$$0000000C)
    __rt_exit                                0x0800038d   Thumb Code     0  rtexit.o(.ARM.Collect$$rtexit$$00000000)
    __rt_exit_ls                             0x0800038f   Thumb Code     0  rtexit2.o(.ARM.Collect$$rtexit$$00000003)
    __rt_exit_prels_1                        0x0800038f   Thumb Code     0  rtexit2.o(.ARM.Collect$$rtexit$$00000002)
    __rt_exit_exit                           0x08000393   Thumb Code     0  rtexit2.o(.ARM.Collect$$rtexit$$00000004)
    Reset_Handler                            0x08000399   Thumb Code     8  startup_stm32h743xx.o(.text)
    MemManage_Handler                        0x080003a5   Thumb Code     2  startup_stm32h743xx.o(.text)
    ADC3_IRQHandler                          0x080003b3   Thumb Code     0  startup_stm32h743xx.o(.text)
    ADC_IRQHandler                           0x080003b3   Thumb Code     0  startup_stm32h743xx.o(.text)
    BDMA_Channel0_IRQHandler                 0x080003b3   Thumb Code     0  startup_stm32h743xx.o(.text)
    BDMA_Channel1_IRQHandler                 0x080003b3   Thumb Code     0  startup_stm32h743xx.o(.text)
    BDMA_Channel2_IRQHandler                 0x080003b3   Thumb Code     0  startup_stm32h743xx.o(.text)
    BDMA_Channel3_IRQHandler                 0x080003b3   Thumb Code     0  startup_stm32h743xx.o(.text)
    BDMA_Channel4_IRQHandler                 0x080003b3   Thumb Code     0  startup_stm32h743xx.o(.text)
    BDMA_Channel5_IRQHandler                 0x080003b3   Thumb Code     0  startup_stm32h743xx.o(.text)
    BDMA_Channel6_IRQHandler                 0x080003b3   Thumb Code     0  startup_stm32h743xx.o(.text)
    BDMA_Channel7_IRQHandler                 0x080003b3   Thumb Code     0  startup_stm32h743xx.o(.text)
    CEC_IRQHandler                           0x080003b3   Thumb Code     0  startup_stm32h743xx.o(.text)
    COMP1_IRQHandler                         0x080003b3   Thumb Code     0  startup_stm32h743xx.o(.text)
    CRS_IRQHandler                           0x080003b3   Thumb Code     0  startup_stm32h743xx.o(.text)
    DCMI_IRQHandler                          0x080003b3   Thumb Code     0  startup_stm32h743xx.o(.text)
    DFSDM1_FLT0_IRQHandler                   0x080003b3   Thumb Code     0  startup_stm32h743xx.o(.text)
    DFSDM1_FLT1_IRQHandler                   0x080003b3   Thumb Code     0  startup_stm32h743xx.o(.text)
    DFSDM1_FLT2_IRQHandler                   0x080003b3   Thumb Code     0  startup_stm32h743xx.o(.text)
    DFSDM1_FLT3_IRQHandler                   0x080003b3   Thumb Code     0  startup_stm32h743xx.o(.text)
    DMA1_Stream0_IRQHandler                  0x080003b3   Thumb Code     0  startup_stm32h743xx.o(.text)
    DMA1_Stream1_IRQHandler                  0x080003b3   Thumb Code     0  startup_stm32h743xx.o(.text)
    DMA1_Stream2_IRQHandler                  0x080003b3   Thumb Code     0  startup_stm32h743xx.o(.text)
    DMA1_Stream3_IRQHandler                  0x080003b3   Thumb Code     0  startup_stm32h743xx.o(.text)
    DMA1_Stream4_IRQHandler                  0x080003b3   Thumb Code     0  startup_stm32h743xx.o(.text)
    DMA1_Stream5_IRQHandler                  0x080003b3   Thumb Code     0  startup_stm32h743xx.o(.text)
    DMA1_Stream6_IRQHandler                  0x080003b3   Thumb Code     0  startup_stm32h743xx.o(.text)
    DMA1_Stream7_IRQHandler                  0x080003b3   Thumb Code     0  startup_stm32h743xx.o(.text)
    DMA2D_IRQHandler                         0x080003b3   Thumb Code     0  startup_stm32h743xx.o(.text)
    DMA2_Stream0_IRQHandler                  0x080003b3   Thumb Code     0  startup_stm32h743xx.o(.text)
    DMA2_Stream1_IRQHandler                  0x080003b3   Thumb Code     0  startup_stm32h743xx.o(.text)
    DMA2_Stream2_IRQHandler                  0x080003b3   Thumb Code     0  startup_stm32h743xx.o(.text)
    DMA2_Stream3_IRQHandler                  0x080003b3   Thumb Code     0  startup_stm32h743xx.o(.text)
    DMA2_Stream4_IRQHandler                  0x080003b3   Thumb Code     0  startup_stm32h743xx.o(.text)
    DMA2_Stream5_IRQHandler                  0x080003b3   Thumb Code     0  startup_stm32h743xx.o(.text)
    DMA2_Stream6_IRQHandler                  0x080003b3   Thumb Code     0  startup_stm32h743xx.o(.text)
    DMA2_Stream7_IRQHandler                  0x080003b3   Thumb Code     0  startup_stm32h743xx.o(.text)
    DMAMUX1_OVR_IRQHandler                   0x080003b3   Thumb Code     0  startup_stm32h743xx.o(.text)
    DMAMUX2_OVR_IRQHandler                   0x080003b3   Thumb Code     0  startup_stm32h743xx.o(.text)
    ETH_IRQHandler                           0x080003b3   Thumb Code     0  startup_stm32h743xx.o(.text)
    ETH_WKUP_IRQHandler                      0x080003b3   Thumb Code     0  startup_stm32h743xx.o(.text)
    EXTI0_IRQHandler                         0x080003b3   Thumb Code     0  startup_stm32h743xx.o(.text)
    EXTI15_10_IRQHandler                     0x080003b3   Thumb Code     0  startup_stm32h743xx.o(.text)
    EXTI1_IRQHandler                         0x080003b3   Thumb Code     0  startup_stm32h743xx.o(.text)
    EXTI2_IRQHandler                         0x080003b3   Thumb Code     0  startup_stm32h743xx.o(.text)
    EXTI3_IRQHandler                         0x080003b3   Thumb Code     0  startup_stm32h743xx.o(.text)
    EXTI4_IRQHandler                         0x080003b3   Thumb Code     0  startup_stm32h743xx.o(.text)
    EXTI9_5_IRQHandler                       0x080003b3   Thumb Code     0  startup_stm32h743xx.o(.text)
    FDCAN1_IT0_IRQHandler                    0x080003b3   Thumb Code     0  startup_stm32h743xx.o(.text)
    FDCAN1_IT1_IRQHandler                    0x080003b3   Thumb Code     0  startup_stm32h743xx.o(.text)
    FDCAN2_IT0_IRQHandler                    0x080003b3   Thumb Code     0  startup_stm32h743xx.o(.text)
    FDCAN2_IT1_IRQHandler                    0x080003b3   Thumb Code     0  startup_stm32h743xx.o(.text)
    FDCAN_CAL_IRQHandler                     0x080003b3   Thumb Code     0  startup_stm32h743xx.o(.text)
    FLASH_IRQHandler                         0x080003b3   Thumb Code     0  startup_stm32h743xx.o(.text)
    FMC_IRQHandler                           0x080003b3   Thumb Code     0  startup_stm32h743xx.o(.text)
    FPU_IRQHandler                           0x080003b3   Thumb Code     0  startup_stm32h743xx.o(.text)
    HRTIM1_FLT_IRQHandler                    0x080003b3   Thumb Code     0  startup_stm32h743xx.o(.text)
    HRTIM1_Master_IRQHandler                 0x080003b3   Thumb Code     0  startup_stm32h743xx.o(.text)
    HRTIM1_TIMA_IRQHandler                   0x080003b3   Thumb Code     0  startup_stm32h743xx.o(.text)
    HRTIM1_TIMB_IRQHandler                   0x080003b3   Thumb Code     0  startup_stm32h743xx.o(.text)
    HRTIM1_TIMC_IRQHandler                   0x080003b3   Thumb Code     0  startup_stm32h743xx.o(.text)
    HRTIM1_TIMD_IRQHandler                   0x080003b3   Thumb Code     0  startup_stm32h743xx.o(.text)
    HRTIM1_TIME_IRQHandler                   0x080003b3   Thumb Code     0  startup_stm32h743xx.o(.text)
    HSEM1_IRQHandler                         0x080003b3   Thumb Code     0  startup_stm32h743xx.o(.text)
    I2C1_ER_IRQHandler                       0x080003b3   Thumb Code     0  startup_stm32h743xx.o(.text)
    I2C1_EV_IRQHandler                       0x080003b3   Thumb Code     0  startup_stm32h743xx.o(.text)
    I2C2_ER_IRQHandler                       0x080003b3   Thumb Code     0  startup_stm32h743xx.o(.text)
    I2C2_EV_IRQHandler                       0x080003b3   Thumb Code     0  startup_stm32h743xx.o(.text)
    I2C3_ER_IRQHandler                       0x080003b3   Thumb Code     0  startup_stm32h743xx.o(.text)
    I2C3_EV_IRQHandler                       0x080003b3   Thumb Code     0  startup_stm32h743xx.o(.text)
    I2C4_ER_IRQHandler                       0x080003b3   Thumb Code     0  startup_stm32h743xx.o(.text)
    I2C4_EV_IRQHandler                       0x080003b3   Thumb Code     0  startup_stm32h743xx.o(.text)
    JPEG_IRQHandler                          0x080003b3   Thumb Code     0  startup_stm32h743xx.o(.text)
    LPTIM1_IRQHandler                        0x080003b3   Thumb Code     0  startup_stm32h743xx.o(.text)
    LPTIM2_IRQHandler                        0x080003b3   Thumb Code     0  startup_stm32h743xx.o(.text)
    LPTIM3_IRQHandler                        0x080003b3   Thumb Code     0  startup_stm32h743xx.o(.text)
    LPTIM4_IRQHandler                        0x080003b3   Thumb Code     0  startup_stm32h743xx.o(.text)
    LPTIM5_IRQHandler                        0x080003b3   Thumb Code     0  startup_stm32h743xx.o(.text)
    LPUART1_IRQHandler                       0x080003b3   Thumb Code     0  startup_stm32h743xx.o(.text)
    LTDC_ER_IRQHandler                       0x080003b3   Thumb Code     0  startup_stm32h743xx.o(.text)
    LTDC_IRQHandler                          0x080003b3   Thumb Code     0  startup_stm32h743xx.o(.text)
    MDIOS_IRQHandler                         0x080003b3   Thumb Code     0  startup_stm32h743xx.o(.text)
    MDIOS_WKUP_IRQHandler                    0x080003b3   Thumb Code     0  startup_stm32h743xx.o(.text)
    MDMA_IRQHandler                          0x080003b3   Thumb Code     0  startup_stm32h743xx.o(.text)
    OTG_FS_EP1_IN_IRQHandler                 0x080003b3   Thumb Code     0  startup_stm32h743xx.o(.text)
    OTG_FS_EP1_OUT_IRQHandler                0x080003b3   Thumb Code     0  startup_stm32h743xx.o(.text)
    OTG_FS_IRQHandler                        0x080003b3   Thumb Code     0  startup_stm32h743xx.o(.text)
    OTG_FS_WKUP_IRQHandler                   0x080003b3   Thumb Code     0  startup_stm32h743xx.o(.text)
    OTG_HS_EP1_IN_IRQHandler                 0x080003b3   Thumb Code     0  startup_stm32h743xx.o(.text)
    OTG_HS_EP1_OUT_IRQHandler                0x080003b3   Thumb Code     0  startup_stm32h743xx.o(.text)
    OTG_HS_IRQHandler                        0x080003b3   Thumb Code     0  startup_stm32h743xx.o(.text)
    OTG_HS_WKUP_IRQHandler                   0x080003b3   Thumb Code     0  startup_stm32h743xx.o(.text)
    PVD_AVD_IRQHandler                       0x080003b3   Thumb Code     0  startup_stm32h743xx.o(.text)
    QUADSPI_IRQHandler                       0x080003b3   Thumb Code     0  startup_stm32h743xx.o(.text)
    RCC_IRQHandler                           0x080003b3   Thumb Code     0  startup_stm32h743xx.o(.text)
    RNG_IRQHandler                           0x080003b3   Thumb Code     0  startup_stm32h743xx.o(.text)
    RTC_Alarm_IRQHandler                     0x080003b3   Thumb Code     0  startup_stm32h743xx.o(.text)
    RTC_WKUP_IRQHandler                      0x080003b3   Thumb Code     0  startup_stm32h743xx.o(.text)
    SAI1_IRQHandler                          0x080003b3   Thumb Code     0  startup_stm32h743xx.o(.text)
    SAI2_IRQHandler                          0x080003b3   Thumb Code     0  startup_stm32h743xx.o(.text)
    SAI3_IRQHandler                          0x080003b3   Thumb Code     0  startup_stm32h743xx.o(.text)
    SAI4_IRQHandler                          0x080003b3   Thumb Code     0  startup_stm32h743xx.o(.text)
    SDMMC1_IRQHandler                        0x080003b3   Thumb Code     0  startup_stm32h743xx.o(.text)
    SDMMC2_IRQHandler                        0x080003b3   Thumb Code     0  startup_stm32h743xx.o(.text)
    SPDIF_RX_IRQHandler                      0x080003b3   Thumb Code     0  startup_stm32h743xx.o(.text)
    SPI1_IRQHandler                          0x080003b3   Thumb Code     0  startup_stm32h743xx.o(.text)
    SPI2_IRQHandler                          0x080003b3   Thumb Code     0  startup_stm32h743xx.o(.text)
    SPI3_IRQHandler                          0x080003b3   Thumb Code     0  startup_stm32h743xx.o(.text)
    SPI4_IRQHandler                          0x080003b3   Thumb Code     0  startup_stm32h743xx.o(.text)
    SPI5_IRQHandler                          0x080003b3   Thumb Code     0  startup_stm32h743xx.o(.text)
    SPI6_IRQHandler                          0x080003b3   Thumb Code     0  startup_stm32h743xx.o(.text)
    SWPMI1_IRQHandler                        0x080003b3   Thumb Code     0  startup_stm32h743xx.o(.text)
    TAMP_STAMP_IRQHandler                    0x080003b3   Thumb Code     0  startup_stm32h743xx.o(.text)
    TIM15_IRQHandler                         0x080003b3   Thumb Code     0  startup_stm32h743xx.o(.text)
    TIM16_IRQHandler                         0x080003b3   Thumb Code     0  startup_stm32h743xx.o(.text)
    TIM17_IRQHandler                         0x080003b3   Thumb Code     0  startup_stm32h743xx.o(.text)
    TIM1_BRK_IRQHandler                      0x080003b3   Thumb Code     0  startup_stm32h743xx.o(.text)
    TIM1_CC_IRQHandler                       0x080003b3   Thumb Code     0  startup_stm32h743xx.o(.text)
    TIM1_TRG_COM_IRQHandler                  0x080003b3   Thumb Code     0  startup_stm32h743xx.o(.text)
    TIM1_UP_IRQHandler                       0x080003b3   Thumb Code     0  startup_stm32h743xx.o(.text)
    TIM2_IRQHandler                          0x080003b3   Thumb Code     0  startup_stm32h743xx.o(.text)
    TIM3_IRQHandler                          0x080003b3   Thumb Code     0  startup_stm32h743xx.o(.text)
    TIM5_IRQHandler                          0x080003b3   Thumb Code     0  startup_stm32h743xx.o(.text)
    TIM6_DAC_IRQHandler                      0x080003b3   Thumb Code     0  startup_stm32h743xx.o(.text)
    TIM7_IRQHandler                          0x080003b3   Thumb Code     0  startup_stm32h743xx.o(.text)
    TIM8_BRK_TIM12_IRQHandler                0x080003b3   Thumb Code     0  startup_stm32h743xx.o(.text)
    TIM8_CC_IRQHandler                       0x080003b3   Thumb Code     0  startup_stm32h743xx.o(.text)
    TIM8_TRG_COM_TIM14_IRQHandler            0x080003b3   Thumb Code     0  startup_stm32h743xx.o(.text)
    TIM8_UP_TIM13_IRQHandler                 0x080003b3   Thumb Code     0  startup_stm32h743xx.o(.text)
    UART4_IRQHandler                         0x080003b3   Thumb Code     0  startup_stm32h743xx.o(.text)
    UART5_IRQHandler                         0x080003b3   Thumb Code     0  startup_stm32h743xx.o(.text)
    UART7_IRQHandler                         0x080003b3   Thumb Code     0  startup_stm32h743xx.o(.text)
    UART8_IRQHandler                         0x080003b3   Thumb Code     0  startup_stm32h743xx.o(.text)
    USART2_IRQHandler                        0x080003b3   Thumb Code     0  startup_stm32h743xx.o(.text)
    USART3_IRQHandler                        0x080003b3   Thumb Code     0  startup_stm32h743xx.o(.text)
    USART6_IRQHandler                        0x080003b3   Thumb Code     0  startup_stm32h743xx.o(.text)
    WAKEUP_PIN_IRQHandler                    0x080003b3   Thumb Code     0  startup_stm32h743xx.o(.text)
    WWDG_IRQHandler                          0x080003b3   Thumb Code     0  startup_stm32h743xx.o(.text)
    __user_initial_stackheap                 0x080003b5   Thumb Code     0  startup_stm32h743xx.o(.text)
    __aeabi_uldivmod                         0x080003d9   Thumb Code     0  lludivv7m.o(.text)
    _ll_udiv                                 0x080003d9   Thumb Code   238  lludivv7m.o(.text)
    __2printf                                0x080004c9   Thumb Code    20  noretval__2printf.o(.text)
    _printf_pre_padding                      0x080004e1   Thumb Code    44  _printf_pad.o(.text)
    _printf_post_padding                     0x0800050d   Thumb Code    34  _printf_pad.o(.text)
    _printf_str                              0x0800052f   Thumb Code    82  _printf_str.o(.text)
    _printf_int_dec                          0x08000581   Thumb Code   104  _printf_dec.o(.text)
    _printf_int_hex                          0x080005f9   Thumb Code    84  _printf_hex_int.o(.text)
    _printf_longlong_hex                     0x080005f9   Thumb Code     0  _printf_hex_int.o(.text)
    __printf                                 0x08000651   Thumb Code   388  __printf_flags_ss_wp.o(.text)
    __aeabi_memcpy4                          0x080007d9   Thumb Code     0  rt_memcpy_w.o(.text)
    __aeabi_memcpy8                          0x080007d9   Thumb Code     0  rt_memcpy_w.o(.text)
    __rt_memcpy_w                            0x080007d9   Thumb Code   100  rt_memcpy_w.o(.text)
    _memcpy_lastbytes_aligned                0x08000821   Thumb Code     0  rt_memcpy_w.o(.text)
    __use_two_region_memory                  0x0800083d   Thumb Code     2  heapauxi.o(.text)
    __rt_heap_escrow$2region                 0x0800083f   Thumb Code     2  heapauxi.o(.text)
    __rt_heap_expand$2region                 0x08000841   Thumb Code     2  heapauxi.o(.text)
    _printf_int_common                       0x08000843   Thumb Code   178  _printf_intcommon.o(.text)
    _printf_cs_common                        0x080008f5   Thumb Code    20  _printf_char.o(.text)
    _printf_char                             0x08000909   Thumb Code    16  _printf_char.o(.text)
    _printf_string                           0x08000919   Thumb Code     8  _printf_char.o(.text)
    _printf_char_file                        0x08000921   Thumb Code    32  _printf_char_file.o(.text)
    _printf_char_common                      0x0800094f   Thumb Code    32  _printf_char_common.o(.text)
    ferror                                   0x08000975   Thumb Code     8  ferror.o(.text)
    __user_setup_stackheap                   0x0800097d   Thumb Code    74  sys_stackheap_outer.o(.text)
    exit                                     0x080009c7   Thumb Code    18  exit.o(.text)
    __user_libspace                          0x080009d9   Thumb Code     8  libspace.o(.text)
    __user_perproc_libspace                  0x080009d9   Thumb Code     0  libspace.o(.text)
    __user_perthread_libspace                0x080009d9   Thumb Code     0  libspace.o(.text)
    BusFault_Handler                         0x080009e1   Thumb Code     4  stm32h7xx_it.o(i.BusFault_Handler)
    Cache_Enable                             0x080009e5   Thumb Code    24  sys.o(i.Cache_Enable)
    DebugMon_Handler                         0x08000c61   Thumb Code     2  stm32h7xx_it.o(i.DebugMon_Handler)
    FMC_NORSRAM_Extended_Timing_Init         0x08000c65   Thumb Code    66  stm32h7xx_ll_fmc.o(i.FMC_NORSRAM_Extended_Timing_Init)
    FMC_NORSRAM_Init                         0x08000cad   Thumb Code   124  stm32h7xx_ll_fmc.o(i.FMC_NORSRAM_Init)
    FMC_NORSRAM_Timing_Init                  0x08000d2d   Thumb Code    94  stm32h7xx_ll_fmc.o(i.FMC_NORSRAM_Timing_Init)
    FMC_SDRAM_Init                           0x08000d8b   Thumb Code   116  stm32h7xx_ll_fmc.o(i.FMC_SDRAM_Init)
    FMC_SDRAM_ProgramRefreshRate             0x08000dff   Thumb Code    14  stm32h7xx_ll_fmc.o(i.FMC_SDRAM_ProgramRefreshRate)
    FMC_SDRAM_SendCommand                    0x08000e0d   Thumb Code    38  stm32h7xx_ll_fmc.o(i.FMC_SDRAM_SendCommand)
    FMC_SDRAM_Timing_Init                    0x08000e35   Thumb Code   152  stm32h7xx_ll_fmc.o(i.FMC_SDRAM_Timing_Init)
    HAL_DMA_Abort                            0x08000ed1   Thumb Code   314  stm32h7xx_hal_dma.o(i.HAL_DMA_Abort)
    HAL_DMA_Abort_IT                         0x08001019   Thumb Code   236  stm32h7xx_hal_dma.o(i.HAL_DMA_Abort_IT)
    HAL_DMA_DeInit                           0x08001111   Thumb Code   276  stm32h7xx_hal_dma.o(i.HAL_DMA_DeInit)
    HAL_DMA_GetError                         0x08001231   Thumb Code     6  stm32h7xx_hal_dma.o(i.HAL_DMA_GetError)
    HAL_DMA_Init                             0x08001239   Thumb Code   512  stm32h7xx_hal_dma.o(i.HAL_DMA_Init)
    HAL_DMA_Start_IT                         0x08001449   Thumb Code   328  stm32h7xx_hal_dma.o(i.HAL_DMA_Start_IT)
    HAL_EnableCompensationCell               0x08001599   Thumb Code    14  stm32h7xx_hal.o(i.HAL_EnableCompensationCell)
    HAL_GPIO_Init                            0x080015ad   Thumb Code   534  stm32h7xx_hal_gpio.o(i.HAL_GPIO_Init)
    HAL_GPIO_ReadPin                         0x080017f9   Thumb Code    16  stm32h7xx_hal_gpio.o(i.HAL_GPIO_ReadPin)
    HAL_GPIO_TogglePin                       0x08001809   Thumb Code     8  stm32h7xx_hal_gpio.o(i.HAL_GPIO_TogglePin)
    HAL_GPIO_WritePin                        0x08001811   Thumb Code    10  stm32h7xx_hal_gpio.o(i.HAL_GPIO_WritePin)
    HAL_GetTick                              0x0800181d   Thumb Code     6  stm32h7xx_hal.o(i.HAL_GetTick)
    HAL_IncTick                              0x08001829   Thumb Code    16  stm32h7xx_hal.o(i.HAL_IncTick)
    HAL_Init                                 0x08001841   Thumb Code    28  stm32h7xx_hal.o(i.HAL_Init)
    HAL_InitTick                             0x0800185d   Thumb Code    64  stm32h7xx_hal.o(i.HAL_InitTick)
    HAL_LTDC_ConfigLayer                     0x080018a9   Thumb Code    94  stm32h7xx_hal_ltdc.o(i.HAL_LTDC_ConfigLayer)
    HAL_LTDC_Init                            0x08001909   Thumb Code   278  stm32h7xx_hal_ltdc.o(i.HAL_LTDC_Init)
    HAL_LTDC_MspInit                         0x08001a25   Thumb Code   300  ltdc.o(i.HAL_LTDC_MspInit)
    HAL_LTDC_SetWindowPosition               0x08001b69   Thumb Code   108  stm32h7xx_hal_ltdc.o(i.HAL_LTDC_SetWindowPosition)
    HAL_LTDC_SetWindowSize                   0x08001bd5   Thumb Code   108  stm32h7xx_hal_ltdc.o(i.HAL_LTDC_SetWindowSize)
    HAL_MPU_ConfigRegion                     0x08001c41   Thumb Code    88  stm32h7xx_hal_cortex.o(i.HAL_MPU_ConfigRegion)
    HAL_MPU_Disable                          0x08001c9d   Thumb Code    38  stm32h7xx_hal_cortex.o(i.HAL_MPU_Disable)
    HAL_MPU_Enable                           0x08001cc9   Thumb Code    58  stm32h7xx_hal_cortex.o(i.HAL_MPU_Enable)
    HAL_MspInit                              0x08001d09   Thumb Code     2  stm32h7xx_hal_msp.o(i.HAL_MspInit)
    HAL_NVIC_EnableIRQ                       0x08001d0b   Thumb Code    32  stm32h7xx_hal_cortex.o(i.HAL_NVIC_EnableIRQ)
    HAL_NVIC_SetPriority                     0x08001d2b   Thumb Code   122  stm32h7xx_hal_cortex.o(i.HAL_NVIC_SetPriority)
    HAL_NVIC_SetPriorityGrouping             0x08001da5   Thumb Code    32  stm32h7xx_hal_cortex.o(i.HAL_NVIC_SetPriorityGrouping)
    HAL_RCCEx_GetD1SysClockFreq              0x08001dcd   Thumb Code    44  stm32h7xx_hal_rcc_ex.o(i.HAL_RCCEx_GetD1SysClockFreq)
    HAL_RCCEx_GetD3PCLK1Freq                 0x08001e05   Thumb Code    34  stm32h7xx_hal_rcc_ex.o(i.HAL_RCCEx_GetD3PCLK1Freq)
    HAL_RCCEx_GetPLL2ClockFreq               0x08001e31   Thumb Code   532  stm32h7xx_hal_rcc_ex.o(i.HAL_RCCEx_GetPLL2ClockFreq)
    HAL_RCCEx_GetPLL3ClockFreq               0x0800205d   Thumb Code   532  stm32h7xx_hal_rcc_ex.o(i.HAL_RCCEx_GetPLL3ClockFreq)
    HAL_RCCEx_PeriphCLKConfig                0x08002289   Thumb Code  2868  stm32h7xx_hal_rcc_ex.o(i.HAL_RCCEx_PeriphCLKConfig)
    HAL_RCC_ClockConfig                      0x08002dc1   Thumb Code   574  stm32h7xx_hal_rcc.o(i.HAL_RCC_ClockConfig)
    HAL_RCC_GetHCLKFreq                      0x08003011   Thumb Code    42  stm32h7xx_hal_rcc.o(i.HAL_RCC_GetHCLKFreq)
    HAL_RCC_GetPCLK1Freq                     0x08003049   Thumb Code    34  stm32h7xx_hal_rcc.o(i.HAL_RCC_GetPCLK1Freq)
    HAL_RCC_GetPCLK2Freq                     0x08003075   Thumb Code    36  stm32h7xx_hal_rcc.o(i.HAL_RCC_GetPCLK2Freq)
    HAL_RCC_GetSysClockFreq                  0x080030a1   Thumb Code   556  stm32h7xx_hal_rcc.o(i.HAL_RCC_GetSysClockFreq)
    HAL_RCC_OscConfig                        0x080032e5   Thumb Code  1724  stm32h7xx_hal_rcc.o(i.HAL_RCC_OscConfig)
    HAL_SDRAM_Init                           0x080039a9   Thumb Code    76  stm32h7xx_hal_sdram.o(i.HAL_SDRAM_Init)
    HAL_SDRAM_MspInit                        0x080039f9   Thumb Code   290  sdram.o(i.HAL_SDRAM_MspInit)
    HAL_SDRAM_ProgramRefreshRate             0x08003b35   Thumb Code    40  stm32h7xx_hal_sdram.o(i.HAL_SDRAM_ProgramRefreshRate)
    HAL_SDRAM_SendCommand                    0x08003b5d   Thumb Code    58  stm32h7xx_hal_sdram.o(i.HAL_SDRAM_SendCommand)
    HAL_SRAM_Init                            0x08003b99   Thumb Code   100  stm32h7xx_hal_sram.o(i.HAL_SRAM_Init)
    HAL_SRAM_MspInit                         0x08003c01   Thumb Code   140  lcd.o(i.HAL_SRAM_MspInit)
    HAL_SYSTICK_CLKSourceConfig              0x08003c99   Thumb Code    40  stm32h7xx_hal_cortex.o(i.HAL_SYSTICK_CLKSourceConfig)
    HAL_SYSTICK_Config                       0x08003cc1   Thumb Code    52  stm32h7xx_hal_cortex.o(i.HAL_SYSTICK_Config)
    HAL_TIM_Base_Init                        0x08003cf5   Thumb Code    52  stm32h7xx_hal_tim.o(i.HAL_TIM_Base_Init)
    HAL_TIM_Base_MspInit                     0x08003d29   Thumb Code     2  stm32h7xx_hal_tim.o(i.HAL_TIM_Base_MspInit)
    HAL_TIM_Base_Start_IT                    0x08003d2b   Thumb Code    30  stm32h7xx_hal_tim.o(i.HAL_TIM_Base_Start_IT)
    HAL_UARTEx_WakeupCallback                0x08003d49   Thumb Code     2  stm32h7xx_hal_uart_ex.o(i.HAL_UARTEx_WakeupCallback)
    HAL_UART_DMAStop                         0x08003d4b   Thumb Code   100  stm32h7xx_hal_uart.o(i.HAL_UART_DMAStop)
    HAL_UART_ErrorCallback                   0x08003daf   Thumb Code     2  stm32h7xx_hal_uart.o(i.HAL_UART_ErrorCallback)
    HAL_UART_GetState                        0x08003db1   Thumb Code    20  stm32h7xx_hal_uart.o(i.HAL_UART_GetState)
    HAL_UART_IRQHandler                      0x08003dc5   Thumb Code   434  stm32h7xx_hal_uart.o(i.HAL_UART_IRQHandler)
    HAL_UART_Init                            0x08003f81   Thumb Code   120  stm32h7xx_hal_uart.o(i.HAL_UART_Init)
    HAL_UART_MspInit                         0x08003ff9   Thumb Code   138  usart.o(i.HAL_UART_MspInit)
    HAL_UART_Receive_IT                      0x08004091   Thumb Code   224  stm32h7xx_hal_uart.o(i.HAL_UART_Receive_IT)
    HAL_UART_RxCpltCallback                  0x08004171   Thumb Code   120  usart.o(i.HAL_UART_RxCpltCallback)
    HAL_UART_Transmit_DMA                    0x080041f9   Thumb Code   142  stm32h7xx_hal_uart.o(i.HAL_UART_Transmit_DMA)
    HAL_UART_TxCpltCallback                  0x08004295   Thumb Code     2  stm32h7xx_hal_uart.o(i.HAL_UART_TxCpltCallback)
    HAL_UART_TxHalfCpltCallback              0x08004297   Thumb Code     2  stm32h7xx_hal_uart.o(i.HAL_UART_TxHalfCpltCallback)
    HardFault_Handler                        0x08004299   Thumb Code     4  stm32h7xx_it.o(i.HardFault_Handler)
    KEY_Init                                 0x0800429d   Thumb Code   150  key.o(i.KEY_Init)
    KEY_Scan                                 0x08004345   Thumb Code   192  key.o(i.KEY_Scan)
    LCD_Clear                                0x08004415   Thumb Code    58  lcd.o(i.LCD_Clear)
    LCD_Display_Dir                          0x0800445d   Thumb Code   400  lcd.o(i.LCD_Display_Dir)
    LCD_Fast_DrawPoint                       0x080045f5   Thumb Code   290  lcd.o(i.LCD_Fast_DrawPoint)
    LCD_Init                                 0x08004725   Thumb Code  9934  lcd.o(i.LCD_Init)
    LCD_MPU_Config                           0x08006e05   Thumb Code    80  lcd.o(i.LCD_MPU_Config)
    LCD_Pow                                  0x08006e55   Thumb Code    22  lcd.o(i.LCD_Pow)
    LCD_RD_DATA                              0x08006e6d   Thumb Code    14  lcd.o(i.LCD_RD_DATA)
    LCD_SSD_BackLightSet                     0x08006e81   Thumb Code    72  lcd.o(i.LCD_SSD_BackLightSet)
    LCD_Scan_Dir                             0x08006ed1   Thumb Code   636  lcd.o(i.LCD_Scan_Dir)
    LCD_SetCursor                            0x08007151   Thumb Code   318  lcd.o(i.LCD_SetCursor)
    LCD_ShowChar                             0x08007295   Thumb Code   288  lcd.o(i.LCD_ShowChar)
    LCD_ShowNum                              0x080073d1   Thumb Code   148  lcd.o(i.LCD_ShowNum)
    LCD_ShowString                           0x08007465   Thumb Code   102  lcd.o(i.LCD_ShowString)
    LCD_WR_DATA                              0x080074cd   Thumb Code    18  lcd.o(i.LCD_WR_DATA)
    LCD_WR_REG                               0x080074e5   Thumb Code    18  lcd.o(i.LCD_WR_REG)
    LCD_WriteRAM_Prepare                     0x080074fd   Thumb Code    10  lcd.o(i.LCD_WriteRAM_Prepare)
    LCD_WriteReg                             0x08007511   Thumb Code    10  lcd.o(i.LCD_WriteReg)
    LED_Init                                 0x08007521   Thumb Code    78  led.o(i.LED_Init)
    LTDC_Clear                               0x08007579   Thumb Code    32  ltdc.o(i.LTDC_Clear)
    LTDC_Clk_Set                             0x0800759d   Thumb Code    46  ltdc.o(i.LTDC_Clk_Set)
    LTDC_Display_Dir                         0x080075cd   Thumb Code    40  ltdc.o(i.LTDC_Display_Dir)
    LTDC_Draw_Point                          0x080075f9   Thumb Code    70  ltdc.o(i.LTDC_Draw_Point)
    LTDC_Fill                                0x08007649   Thumb Code   310  ltdc.o(i.LTDC_Fill)
    LTDC_Init                                0x08007791   Thumb Code  1040  ltdc.o(i.LTDC_Init)
    LTDC_Layer_Parameter_Config              0x08007ba1   Thumb Code   114  ltdc.o(i.LTDC_Layer_Parameter_Config)
    LTDC_Layer_Window_Config                 0x08007c1d   Thumb Code    44  ltdc.o(i.LTDC_Layer_Window_Config)
    LTDC_PanelID_Read                        0x08007c4d   Thumb Code   198  ltdc.o(i.LTDC_PanelID_Read)
    LTDC_Select_Layer                        0x08007d21   Thumb Code     6  ltdc.o(i.LTDC_Select_Layer)
    MYDMA_Config                             0x08007f41   Thumb Code   146  dma.o(i.MYDMA_Config)
    NMI_Handler                              0x08007fe5   Thumb Code     2  stm32h7xx_it.o(i.NMI_Handler)
    PendSV_Handler                           0x08007fe7   Thumb Code     2  stm32h7xx_it.o(i.PendSV_Handler)
    SDRAM_Init                               0x08008361   Thumb Code    94  sdram.o(i.SDRAM_Init)
    SDRAM_Initialization_Sequence            0x080083c9   Thumb Code    78  sdram.o(i.SDRAM_Initialization_Sequence)
    SDRAM_Send_Cmd                           0x0800841d   Thumb Code    68  sdram.o(i.SDRAM_Send_Cmd)
    SVC_Handler                              0x08008465   Thumb Code     2  stm32h7xx_it.o(i.SVC_Handler)
    Stm32_Clock_Init                         0x08008469   Thumb Code   238  sys.o(i.Stm32_Clock_Init)
    SysTick_Handler                          0x08008561   Thumb Code     8  stm32h7xx_it.o(i.SysTick_Handler)
    SystemInit                               0x08008569   Thumb Code   130  system_stm32h7xx.o(i.SystemInit)
    TIM4_IRQHandler                          0x080085fd   Thumb Code    58  usmart.o(i.TIM4_IRQHandler)
    TIM_Base_SetConfig                       0x08008641   Thumb Code   172  stm32h7xx_hal_tim.o(i.TIM_Base_SetConfig)
    Timer4_Init                              0x0800870d   Thumb Code    80  usmart.o(i.Timer4_Init)
    UART_AdvFeatureConfig                    0x08008769   Thumb Code   234  stm32h7xx_hal_uart.o(i.UART_AdvFeatureConfig)
    UART_CheckIdleState                      0x08008853   Thumb Code   116  stm32h7xx_hal_uart.o(i.UART_CheckIdleState)
    UART_SetConfig                           0x08008a5d   Thumb Code  2452  stm32h7xx_hal_uart.o(i.UART_SetConfig)
    UART_WaitOnFlagUntilTimeout              0x08009483   Thumb Code   108  stm32h7xx_hal_uart.o(i.UART_WaitOnFlagUntilTimeout)
    USART1_IRQHandler                        0x080094f1   Thumb Code    66  usart.o(i.USART1_IRQHandler)
    UsageFault_Handler                       0x08009541   Thumb Code     4  stm32h7xx_it.o(i.UsageFault_Handler)
    _is_digit                                0x0800957d   Thumb Code    14  __printf_wp.o(i._is_digit)
    _sys_exit                                0x0800958b   Thumb Code     4  usart.o(i._sys_exit)
    delay_init                               0x08009591   Thumb Code    16  delay.o(i.delay_init)
    delay_ms                                 0x080095a5   Thumb Code    24  delay.o(i.delay_ms)
    delay_us                                 0x080095bd   Thumb Code    68  delay.o(i.delay_us)
    fputc                                    0x08009605   Thumb Code    22  usart.o(i.fputc)
    main                                     0x08009621   Thumb Code   724  main.o(i.main)
    read_addr                                0x080099ad   Thumb Code     6  usmart.o(i.read_addr)
    uart_init                                0x080099b5   Thumb Code    44  usart.o(i.uart_init)
    usmart_cmd_rec                           0x080099ed   Thumb Code   170  usmart.o(i.usmart_cmd_rec)
    usmart_exe                               0x08009a9d   Thumb Code   632  usmart.o(i.usmart_exe)
    usmart_get_aparm                         0x08009d71   Thumb Code   212  usmart_str.o(i.usmart_get_aparm)
    usmart_get_cmdname                       0x08009e45   Thumb Code    54  usmart_str.o(i.usmart_get_cmdname)
    usmart_get_fname                         0x08009e7d   Thumb Code   440  usmart_str.o(i.usmart_get_fname)
    usmart_get_fparam                        0x0800a03d   Thumb Code   262  usmart_str.o(i.usmart_get_fparam)
    usmart_get_parmpos                       0x0800a149   Thumb Code    26  usmart_str.o(i.usmart_get_parmpos)
    usmart_get_runtime                       0x0800a169   Thumb Code    58  usmart.o(i.usmart_get_runtime)
    usmart_init                              0x0800a1ad   Thumb Code    36  usmart.o(i.usmart_init)
    usmart_pow                               0x0800a1d5   Thumb Code    22  usmart_str.o(i.usmart_pow)
    usmart_reset_runtime                     0x0800a1ed   Thumb Code    44  usmart.o(i.usmart_reset_runtime)
    usmart_scan                              0x0800a221   Thumb Code   120  usmart.o(i.usmart_scan)
    usmart_search_nextc                      0x0800a2dd   Thumb Code    22  usmart_str.o(i.usmart_search_nextc)
    usmart_str2num                           0x0800a2f3   Thumb Code   262  usmart_str.o(i.usmart_str2num)
    usmart_strcmp                            0x0800a3f9   Thumb Code    34  usmart_str.o(i.usmart_strcmp)
    usmart_strcopy                           0x0800a41b   Thumb Code    22  usmart_str.o(i.usmart_strcopy)
    usmart_strlen                            0x0800a431   Thumb Code    24  usmart_str.o(i.usmart_strlen)
    usmart_sys_cmd_exe                       0x0800a449   Thumb Code  1570  usmart.o(i.usmart_sys_cmd_exe)
    write_addr                               0x0800ab3d   Thumb Code     4  usmart.o(i.write_addr)
    _fp_init                                 0x0800ab41   Thumb Code    10  fpinit.o(x$fpl$fpinit)
    __fplib_config_fpu_vfp                   0x0800ab49   Thumb Code     0  fpinit.o(x$fpl$fpinit)
    __fplib_config_pureend_doubles           0x0800ab49   Thumb Code     0  fpinit.o(x$fpl$fpinit)
    TEXT_TO_SEND                             0x0800ab7a   Data          37  main.o(.constdata)
    D1CorePrescTable                         0x0800abd0   Data          16  system_stm32h7xx.o(.constdata)
    asc2_1206                                0x0800ac78   Data        1140  lcd.o(.constdata)
    asc2_1608                                0x0800b0ec   Data        1520  lcd.o(.constdata)
    asc2_2412                                0x0800b6dc   Data        3420  lcd.o(.constdata)
    asc2_3216                                0x0800c438   Data       12160  lcd.o(.constdata)
    Region$$Table$$Base                      0x0800f458   Number         0  anon$$obj.o(Region$$Table)
    Region$$Table$$Limit                     0x0800f478   Number         0  anon$$obj.o(Region$$Table)
    SystemCoreClock                          0x24000000   Data           4  system_stm32h7xx.o(.data)
    SystemD2Clock                            0x24000004   Data           4  system_stm32h7xx.o(.data)
    __stdout                                 0x2400000c   Data           4  usart.o(.data)
    USART_RX_STA                             0x24000010   Data           2  usart.o(.data)
    aRxBuffer                                0x24000012   Data           1  usart.o(.data)
    POINT_COLOR                              0x24000020   Data           4  lcd.o(.data)
    BACK_COLOR                               0x24000024   Data           4  lcd.o(.data)
    ltdc_framebuf                            0x24000028   Data           8  ltdc.o(.data)
    sys_cmd_tab                              0x24000030   Data          28  usmart.o(.data)
    usmart_nametab                           0x2400004c   Data          16  usmart_config.o(.data)
    usmart_dev                               0x2400005c   Data         244  usmart_config.o(.data)
    SendBuff                                 0x24000150   Data        7800  main.o(.bss)
    USART_RX_BUF                             0x24001fc8   Data         200  usart.o(.bss)
    UART1_Handler                            0x24002090   Data         128  usart.o(.bss)
    SDRAM_Handler                            0x24002110   Data          52  sdram.o(.bss)
    SRAM_Handler                             0x24002144   Data          76  lcd.o(.bss)
    lcddev                                   0x24002190   Data          14  lcd.o(.bss)
    LTDC_Handler                             0x240021a0   Data         168  ltdc.o(.bss)
    DMA2D_Handler                            0x24002248   Data          96  ltdc.o(.bss)
    lcdltdc                                  0x240022a8   Data          32  ltdc.o(.bss)
    UART1TxDMA_Handler                       0x240022c8   Data         120  dma.o(.bss)
    TIM4_Handler                             0x24002340   Data          64  usmart.o(.bss)
    __libspace_start                         0x24002380   Data          96  libspace.o(.bss)
    __temporary_stack_top$libspace           0x240023e0   Data           0  libspace.o(.bss)
    ltdc_lcd_framebuf                        0xc0000000   Data       2048000  ltdc.o(.ARM.__AT_0xC0000000)



==============================================================================

Memory Map of the image

  Image Entry point : 0x08000299

  Load Region LR_IROM1 (Base: 0x08000000, Size: 0x0000f5c8, Max: 0x00200000, ABSOLUTE, COMPRESSED[0x0000f4c4])

    Execution Region ER_IROM1 (Exec base: 0x08000000, Load base: 0x08000000, Size: 0x0000f478, Max: 0x00200000, ABSOLUTE)

    Exec Addr    Load Addr    Size         Type   Attr      Idx    E Section Name        Object

    0x08000000   0x08000000   0x00000298   Data   RO          488    RESET               startup_stm32h743xx.o
    0x08000298   0x08000298   0x00000008   Code   RO         5992  * !!!main             c_w.l(__main.o)
    0x080002a0   0x080002a0   0x00000034   Code   RO         6174    !!!scatter          c_w.l(__scatter.o)
    0x080002d4   0x080002d4   0x0000005a   Code   RO         6172    !!dczerorl2         c_w.l(__dczerorl2.o)
    0x0800032e   0x0800032e   0x00000002   PAD
    0x08000330   0x08000330   0x0000001c   Code   RO         6176    !!handler_zi        c_w.l(__scatter_zi.o)
    0x0800034c   0x0800034c   0x00000000   Code   RO         5987    .ARM.Collect$$_printf_percent$$00000000  c_w.l(_printf_percent.o)
    0x0800034c   0x0800034c   0x00000006   Code   RO         5985    .ARM.Collect$$_printf_percent$$00000009  c_w.l(_printf_d.o)
    0x08000352   0x08000352   0x00000006   Code   RO         5986    .ARM.Collect$$_printf_percent$$0000000A  c_w.l(_printf_u.o)
    0x08000358   0x08000358   0x00000006   Code   RO         5984    .ARM.Collect$$_printf_percent$$0000000C  c_w.l(_printf_x.o)
    0x0800035e   0x0800035e   0x00000006   Code   RO         5982    .ARM.Collect$$_printf_percent$$00000013  c_w.l(_printf_c.o)
    0x08000364   0x08000364   0x00000006   Code   RO         5983    .ARM.Collect$$_printf_percent$$00000014  c_w.l(_printf_s.o)
    0x0800036a   0x0800036a   0x00000004   Code   RO         6005    .ARM.Collect$$_printf_percent$$00000017  c_w.l(_printf_percent_end.o)
    0x0800036e   0x0800036e   0x00000002   Code   RO         6044    .ARM.Collect$$libinit$$00000000  c_w.l(libinit.o)
    0x08000370   0x08000370   0x00000004   Code   RO         6056    .ARM.Collect$$libinit$$00000001  c_w.l(libinit2.o)
    0x08000374   0x08000374   0x00000000   Code   RO         6059    .ARM.Collect$$libinit$$00000004  c_w.l(libinit2.o)
    0x08000374   0x08000374   0x00000000   Code   RO         6062    .ARM.Collect$$libinit$$0000000A  c_w.l(libinit2.o)
    0x08000374   0x08000374   0x00000000   Code   RO         6064    .ARM.Collect$$libinit$$0000000C  c_w.l(libinit2.o)
    0x08000374   0x08000374   0x00000000   Code   RO         6066    .ARM.Collect$$libinit$$0000000E  c_w.l(libinit2.o)
    0x08000374   0x08000374   0x00000000   Code   RO         6069    .ARM.Collect$$libinit$$00000011  c_w.l(libinit2.o)
    0x08000374   0x08000374   0x00000000   Code   RO         6071    .ARM.Collect$$libinit$$00000013  c_w.l(libinit2.o)
    0x08000374   0x08000374   0x00000000   Code   RO         6073    .ARM.Collect$$libinit$$00000015  c_w.l(libinit2.o)
    0x08000374   0x08000374   0x00000000   Code   RO         6075    .ARM.Collect$$libinit$$00000017  c_w.l(libinit2.o)
    0x08000374   0x08000374   0x00000000   Code   RO         6077    .ARM.Collect$$libinit$$00000019  c_w.l(libinit2.o)
    0x08000374   0x08000374   0x00000000   Code   RO         6079    .ARM.Collect$$libinit$$0000001B  c_w.l(libinit2.o)
    0x08000374   0x08000374   0x00000000   Code   RO         6081    .ARM.Collect$$libinit$$0000001D  c_w.l(libinit2.o)
    0x08000374   0x08000374   0x00000000   Code   RO         6083    .ARM.Collect$$libinit$$0000001F  c_w.l(libinit2.o)
    0x08000374   0x08000374   0x00000000   Code   RO         6085    .ARM.Collect$$libinit$$00000021  c_w.l(libinit2.o)
    0x08000374   0x08000374   0x00000000   Code   RO         6087    .ARM.Collect$$libinit$$00000023  c_w.l(libinit2.o)
    0x08000374   0x08000374   0x00000000   Code   RO         6089    .ARM.Collect$$libinit$$00000025  c_w.l(libinit2.o)
    0x08000374   0x08000374   0x00000000   Code   RO         6093    .ARM.Collect$$libinit$$0000002C  c_w.l(libinit2.o)
    0x08000374   0x08000374   0x00000000   Code   RO         6095    .ARM.Collect$$libinit$$0000002E  c_w.l(libinit2.o)
    0x08000374   0x08000374   0x00000000   Code   RO         6097    .ARM.Collect$$libinit$$00000030  c_w.l(libinit2.o)
    0x08000374   0x08000374   0x00000000   Code   RO         6099    .ARM.Collect$$libinit$$00000032  c_w.l(libinit2.o)
    0x08000374   0x08000374   0x00000002   Code   RO         6100    .ARM.Collect$$libinit$$00000033  c_w.l(libinit2.o)
    0x08000376   0x08000376   0x00000002   Code   RO         6126    .ARM.Collect$$libshutdown$$00000000  c_w.l(libshutdown.o)
    0x08000378   0x08000378   0x00000000   Code   RO         6155    .ARM.Collect$$libshutdown$$00000002  c_w.l(libshutdown2.o)
    0x08000378   0x08000378   0x00000000   Code   RO         6157    .ARM.Collect$$libshutdown$$00000004  c_w.l(libshutdown2.o)
    0x08000378   0x08000378   0x00000000   Code   RO         6160    .ARM.Collect$$libshutdown$$00000007  c_w.l(libshutdown2.o)
    0x08000378   0x08000378   0x00000000   Code   RO         6163    .ARM.Collect$$libshutdown$$0000000A  c_w.l(libshutdown2.o)
    0x08000378   0x08000378   0x00000000   Code   RO         6165    .ARM.Collect$$libshutdown$$0000000C  c_w.l(libshutdown2.o)
    0x08000378   0x08000378   0x00000000   Code   RO         6168    .ARM.Collect$$libshutdown$$0000000F  c_w.l(libshutdown2.o)
    0x08000378   0x08000378   0x00000002   Code   RO         6169    .ARM.Collect$$libshutdown$$00000010  c_w.l(libshutdown2.o)
    0x0800037a   0x0800037a   0x00000000   Code   RO         5994    .ARM.Collect$$rtentry$$00000000  c_w.l(__rtentry.o)
    0x0800037a   0x0800037a   0x00000000   Code   RO         6007    .ARM.Collect$$rtentry$$00000002  c_w.l(__rtentry2.o)
    0x0800037a   0x0800037a   0x00000006   Code   RO         6019    .ARM.Collect$$rtentry$$00000004  c_w.l(__rtentry4.o)
    0x08000380   0x08000380   0x00000000   Code   RO         6009    .ARM.Collect$$rtentry$$00000009  c_w.l(__rtentry2.o)
    0x08000380   0x08000380   0x00000004   Code   RO         6010    .ARM.Collect$$rtentry$$0000000A  c_w.l(__rtentry2.o)
    0x08000384   0x08000384   0x00000000   Code   RO         6012    .ARM.Collect$$rtentry$$0000000C  c_w.l(__rtentry2.o)
    0x08000384   0x08000384   0x00000008   Code   RO         6013    .ARM.Collect$$rtentry$$0000000D  c_w.l(__rtentry2.o)
    0x0800038c   0x0800038c   0x00000002   Code   RO         6048    .ARM.Collect$$rtexit$$00000000  c_w.l(rtexit.o)
    0x0800038e   0x0800038e   0x00000000   Code   RO         6102    .ARM.Collect$$rtexit$$00000002  c_w.l(rtexit2.o)
    0x0800038e   0x0800038e   0x00000004   Code   RO         6103    .ARM.Collect$$rtexit$$00000003  c_w.l(rtexit2.o)
    0x08000392   0x08000392   0x00000006   Code   RO         6104    .ARM.Collect$$rtexit$$00000004  c_w.l(rtexit2.o)
    0x08000398   0x08000398   0x00000040   Code   RO          489    .text               startup_stm32h743xx.o
    0x080003d8   0x080003d8   0x000000ee   Code   RO         5927    .text               c_w.l(lludivv7m.o)
    0x080004c6   0x080004c6   0x00000002   PAD
    0x080004c8   0x080004c8   0x00000018   Code   RO         5931    .text               c_w.l(noretval__2printf.o)
    0x080004e0   0x080004e0   0x0000004e   Code   RO         5935    .text               c_w.l(_printf_pad.o)
    0x0800052e   0x0800052e   0x00000052   Code   RO         5937    .text               c_w.l(_printf_str.o)
    0x08000580   0x08000580   0x00000078   Code   RO         5939    .text               c_w.l(_printf_dec.o)
    0x080005f8   0x080005f8   0x00000058   Code   RO         5944    .text               c_w.l(_printf_hex_int.o)
    0x08000650   0x08000650   0x00000188   Code   RO         5979    .text               c_w.l(__printf_flags_ss_wp.o)
    0x080007d8   0x080007d8   0x00000064   Code   RO         5988    .text               c_w.l(rt_memcpy_w.o)
    0x0800083c   0x0800083c   0x00000006   Code   RO         5990    .text               c_w.l(heapauxi.o)
    0x08000842   0x08000842   0x000000b2   Code   RO         5999    .text               c_w.l(_printf_intcommon.o)
    0x080008f4   0x080008f4   0x0000002c   Code   RO         6001    .text               c_w.l(_printf_char.o)
    0x08000920   0x08000920   0x00000024   Code   RO         6003    .text               c_w.l(_printf_char_file.o)
    0x08000944   0x08000944   0x00000030   Code   RO         6023    .text               c_w.l(_printf_char_common.o)
    0x08000974   0x08000974   0x00000008   Code   RO         6025    .text               c_w.l(ferror.o)
    0x0800097c   0x0800097c   0x0000004a   Code   RO         6029    .text               c_w.l(sys_stackheap_outer.o)
    0x080009c6   0x080009c6   0x00000012   Code   RO         6033    .text               c_w.l(exit.o)
    0x080009d8   0x080009d8   0x00000008   Code   RO         6045    .text               c_w.l(libspace.o)
    0x080009e0   0x080009e0   0x00000004   Code   RO          346    i.BusFault_Handler  stm32h7xx_it.o
    0x080009e4   0x080009e4   0x0000001c   Code   RO          536    i.Cache_Enable      sys.o
    0x08000a00   0x08000a00   0x00000034   Code   RO         1126    i.DMA_CalcBaseAndBitshift  stm32h7xx_hal_dma.o
    0x08000a34   0x08000a34   0x00000074   Code   RO         1127    i.DMA_CalcDMAMUXChannelBaseAndMask  stm32h7xx_hal_dma.o
    0x08000aa8   0x08000aa8   0x00000054   Code   RO         1128    i.DMA_CalcDMAMUXRequestGenBaseAndMask  stm32h7xx_hal_dma.o
    0x08000afc   0x08000afc   0x000000ae   Code   RO         1129    i.DMA_CheckFifoParam  stm32h7xx_hal_dma.o
    0x08000baa   0x08000baa   0x00000002   PAD
    0x08000bac   0x08000bac   0x000000b4   Code   RO         1130    i.DMA_SetConfig     stm32h7xx_hal_dma.o
    0x08000c60   0x08000c60   0x00000002   Code   RO          347    i.DebugMon_Handler  stm32h7xx_it.o
    0x08000c62   0x08000c62   0x00000002   PAD
    0x08000c64   0x08000c64   0x00000048   Code   RO         3776    i.FMC_NORSRAM_Extended_Timing_Init  stm32h7xx_ll_fmc.o
    0x08000cac   0x08000cac   0x00000080   Code   RO         3777    i.FMC_NORSRAM_Init  stm32h7xx_ll_fmc.o
    0x08000d2c   0x08000d2c   0x0000005e   Code   RO         3778    i.FMC_NORSRAM_Timing_Init  stm32h7xx_ll_fmc.o
    0x08000d8a   0x08000d8a   0x00000074   Code   RO         3783    i.FMC_SDRAM_Init    stm32h7xx_ll_fmc.o
    0x08000dfe   0x08000dfe   0x0000000e   Code   RO         3784    i.FMC_SDRAM_ProgramRefreshRate  stm32h7xx_ll_fmc.o
    0x08000e0c   0x08000e0c   0x00000026   Code   RO         3785    i.FMC_SDRAM_SendCommand  stm32h7xx_ll_fmc.o
    0x08000e32   0x08000e32   0x00000002   PAD
    0x08000e34   0x08000e34   0x0000009c   Code   RO         3787    i.FMC_SDRAM_Timing_Init  stm32h7xx_ll_fmc.o
    0x08000ed0   0x08000ed0   0x00000148   Code   RO         1131    i.HAL_DMA_Abort     stm32h7xx_hal_dma.o
    0x08001018   0x08001018   0x000000f8   Code   RO         1132    i.HAL_DMA_Abort_IT  stm32h7xx_hal_dma.o
    0x08001110   0x08001110   0x00000120   Code   RO         1133    i.HAL_DMA_DeInit    stm32h7xx_hal_dma.o
    0x08001230   0x08001230   0x00000006   Code   RO         1134    i.HAL_DMA_GetError  stm32h7xx_hal_dma.o
    0x08001236   0x08001236   0x00000002   PAD
    0x08001238   0x08001238   0x00000210   Code   RO         1137    i.HAL_DMA_Init      stm32h7xx_hal_dma.o
    0x08001448   0x08001448   0x00000150   Code   RO         1141    i.HAL_DMA_Start_IT  stm32h7xx_hal_dma.o
    0x08001598   0x08001598   0x00000014   Code   RO          679    i.HAL_EnableCompensationCell  stm32h7xx_hal.o
    0x080015ac   0x080015ac   0x0000024c   Code   RO         1319    i.HAL_GPIO_Init     stm32h7xx_hal_gpio.o
    0x080017f8   0x080017f8   0x00000010   Code   RO         1321    i.HAL_GPIO_ReadPin  stm32h7xx_hal_gpio.o
    0x08001808   0x08001808   0x00000008   Code   RO         1322    i.HAL_GPIO_TogglePin  stm32h7xx_hal_gpio.o
    0x08001810   0x08001810   0x0000000a   Code   RO         1323    i.HAL_GPIO_WritePin  stm32h7xx_hal_gpio.o
    0x0800181a   0x0800181a   0x00000002   PAD
    0x0800181c   0x0800181c   0x0000000c   Code   RO          686    i.HAL_GetTick       stm32h7xx_hal.o
    0x08001828   0x08001828   0x00000018   Code   RO          689    i.HAL_IncTick       stm32h7xx_hal.o
    0x08001840   0x08001840   0x0000001c   Code   RO          690    i.HAL_Init          stm32h7xx_hal.o
    0x0800185c   0x0800185c   0x0000004c   Code   RO          691    i.HAL_InitTick      stm32h7xx_hal.o
    0x080018a8   0x080018a8   0x0000005e   Code   RO         4203    i.HAL_LTDC_ConfigLayer  stm32h7xx_hal_ltdc.o
    0x08001906   0x08001906   0x00000002   PAD
    0x08001908   0x08001908   0x0000011c   Code   RO         4220    i.HAL_LTDC_Init     stm32h7xx_hal_ltdc.o
    0x08001a24   0x08001a24   0x00000144   Code   RO         5474    i.HAL_LTDC_MspInit  ltdc.o
    0x08001b68   0x08001b68   0x0000006c   Code   RO         4235    i.HAL_LTDC_SetWindowPosition  stm32h7xx_hal_ltdc.o
    0x08001bd4   0x08001bd4   0x0000006c   Code   RO         4237    i.HAL_LTDC_SetWindowSize  stm32h7xx_hal_ltdc.o
    0x08001c40   0x08001c40   0x0000005c   Code   RO          979    i.HAL_MPU_ConfigRegion  stm32h7xx_hal_cortex.o
    0x08001c9c   0x08001c9c   0x0000002c   Code   RO          980    i.HAL_MPU_Disable   stm32h7xx_hal_cortex.o
    0x08001cc8   0x08001cc8   0x00000040   Code   RO          981    i.HAL_MPU_Enable    stm32h7xx_hal_cortex.o
    0x08001d08   0x08001d08   0x00000002   Code   RO          458    i.HAL_MspInit       stm32h7xx_hal_msp.o
    0x08001d0a   0x08001d0a   0x00000020   Code   RO          984    i.HAL_NVIC_EnableIRQ  stm32h7xx_hal_cortex.o
    0x08001d2a   0x08001d2a   0x0000007a   Code   RO          990    i.HAL_NVIC_SetPriority  stm32h7xx_hal_cortex.o
    0x08001da4   0x08001da4   0x00000028   Code   RO          991    i.HAL_NVIC_SetPriorityGrouping  stm32h7xx_hal_cortex.o
    0x08001dcc   0x08001dcc   0x00000038   Code   RO         2014    i.HAL_RCCEx_GetD1SysClockFreq  stm32h7xx_hal_rcc_ex.o
    0x08001e04   0x08001e04   0x0000002c   Code   RO         2015    i.HAL_RCCEx_GetD3PCLK1Freq  stm32h7xx_hal_rcc_ex.o
    0x08001e30   0x08001e30   0x0000022c   Code   RO         2017    i.HAL_RCCEx_GetPLL2ClockFreq  stm32h7xx_hal_rcc_ex.o
    0x0800205c   0x0800205c   0x0000022c   Code   RO         2018    i.HAL_RCCEx_GetPLL3ClockFreq  stm32h7xx_hal_rcc_ex.o
    0x08002288   0x08002288   0x00000b38   Code   RO         2022    i.HAL_RCCEx_PeriphCLKConfig  stm32h7xx_hal_rcc_ex.o
    0x08002dc0   0x08002dc0   0x00000250   Code   RO         1905    i.HAL_RCC_ClockConfig  stm32h7xx_hal_rcc.o
    0x08003010   0x08003010   0x00000038   Code   RO         1909    i.HAL_RCC_GetHCLKFreq  stm32h7xx_hal_rcc.o
    0x08003048   0x08003048   0x0000002c   Code   RO         1911    i.HAL_RCC_GetPCLK1Freq  stm32h7xx_hal_rcc.o
    0x08003074   0x08003074   0x0000002c   Code   RO         1912    i.HAL_RCC_GetPCLK2Freq  stm32h7xx_hal_rcc.o
    0x080030a0   0x080030a0   0x00000244   Code   RO         1913    i.HAL_RCC_GetSysClockFreq  stm32h7xx_hal_rcc.o
    0x080032e4   0x080032e4   0x000006c4   Code   RO         1916    i.HAL_RCC_OscConfig  stm32h7xx_hal_rcc.o
    0x080039a8   0x080039a8   0x00000050   Code   RO         4048    i.HAL_SDRAM_Init    stm32h7xx_hal_sdram.o
    0x080039f8   0x080039f8   0x0000013c   Code   RO         5184    i.HAL_SDRAM_MspInit  sdram.o
    0x08003b34   0x08003b34   0x00000028   Code   RO         4051    i.HAL_SDRAM_ProgramRefreshRate  stm32h7xx_hal_sdram.o
    0x08003b5c   0x08003b5c   0x0000003a   Code   RO         4057    i.HAL_SDRAM_SendCommand  stm32h7xx_hal_sdram.o
    0x08003b96   0x08003b96   0x00000002   PAD
    0x08003b98   0x08003b98   0x00000068   Code   RO         3924    i.HAL_SRAM_Init     stm32h7xx_hal_sram.o
    0x08003c00   0x08003c00   0x00000098   Code   RO         5243    i.HAL_SRAM_MspInit  lcd.o
    0x08003c98   0x08003c98   0x00000028   Code   RO          993    i.HAL_SYSTICK_CLKSourceConfig  stm32h7xx_hal_cortex.o
    0x08003cc0   0x08003cc0   0x00000034   Code   RO          995    i.HAL_SYSTICK_Config  stm32h7xx_hal_cortex.o
    0x08003cf4   0x08003cf4   0x00000034   Code   RO         2854    i.HAL_TIM_Base_Init  stm32h7xx_hal_tim.o
    0x08003d28   0x08003d28   0x00000002   Code   RO         2856    i.HAL_TIM_Base_MspInit  stm32h7xx_hal_tim.o
    0x08003d2a   0x08003d2a   0x0000001e   Code   RO         2859    i.HAL_TIM_Base_Start_IT  stm32h7xx_hal_tim.o
    0x08003d48   0x08003d48   0x00000002   Code   RO         2528    i.HAL_UARTEx_WakeupCallback  stm32h7xx_hal_uart_ex.o
    0x08003d4a   0x08003d4a   0x00000064   Code   RO         2190    i.HAL_UART_DMAStop  stm32h7xx_hal_uart.o
    0x08003dae   0x08003dae   0x00000002   Code   RO         2192    i.HAL_UART_ErrorCallback  stm32h7xx_hal_uart.o
    0x08003db0   0x08003db0   0x00000014   Code   RO         2194    i.HAL_UART_GetState  stm32h7xx_hal_uart.o
    0x08003dc4   0x08003dc4   0x000001bc   Code   RO         2195    i.HAL_UART_IRQHandler  stm32h7xx_hal_uart.o
    0x08003f80   0x08003f80   0x00000078   Code   RO         2196    i.HAL_UART_Init     stm32h7xx_hal_uart.o
    0x08003ff8   0x08003ff8   0x00000098   Code   RO          597    i.HAL_UART_MspInit  usart.o
    0x08004090   0x08004090   0x000000e0   Code   RO         2201    i.HAL_UART_Receive_IT  stm32h7xx_hal_uart.o
    0x08004170   0x08004170   0x00000088   Code   RO          598    i.HAL_UART_RxCpltCallback  usart.o
    0x080041f8   0x080041f8   0x0000009c   Code   RO         2205    i.HAL_UART_Transmit_DMA  stm32h7xx_hal_uart.o
    0x08004294   0x08004294   0x00000002   Code   RO         2207    i.HAL_UART_TxCpltCallback  stm32h7xx_hal_uart.o
    0x08004296   0x08004296   0x00000002   Code   RO         2208    i.HAL_UART_TxHalfCpltCallback  stm32h7xx_hal_uart.o
    0x08004298   0x08004298   0x00000004   Code   RO          348    i.HardFault_Handler  stm32h7xx_it.o
    0x0800429c   0x0800429c   0x000000a8   Code   RO         5114    i.KEY_Init          key.o
    0x08004344   0x08004344   0x000000d0   Code   RO         5115    i.KEY_Scan          key.o
    0x08004414   0x08004414   0x00000048   Code   RO         5245    i.LCD_Clear         lcd.o
    0x0800445c   0x0800445c   0x00000198   Code   RO         5249    i.LCD_Display_Dir   lcd.o
    0x080045f4   0x080045f4   0x00000130   Code   RO         5254    i.LCD_Fast_DrawPoint  lcd.o
    0x08004724   0x08004724   0x000026e0   Code   RO         5256    i.LCD_Init          lcd.o
    0x08006e04   0x08006e04   0x00000050   Code   RO         5257    i.LCD_MPU_Config    lcd.o
    0x08006e54   0x08006e54   0x00000016   Code   RO         5258    i.LCD_Pow           lcd.o
    0x08006e6a   0x08006e6a   0x00000002   PAD
    0x08006e6c   0x08006e6c   0x00000014   Code   RO         5259    i.LCD_RD_DATA       lcd.o
    0x08006e80   0x08006e80   0x00000050   Code   RO         5262    i.LCD_SSD_BackLightSet  lcd.o
    0x08006ed0   0x08006ed0   0x00000280   Code   RO         5263    i.LCD_Scan_Dir      lcd.o
    0x08007150   0x08007150   0x00000144   Code   RO         5264    i.LCD_SetCursor     lcd.o
    0x08007294   0x08007294   0x0000013c   Code   RO         5266    i.LCD_ShowChar      lcd.o
    0x080073d0   0x080073d0   0x00000094   Code   RO         5267    i.LCD_ShowNum       lcd.o
    0x08007464   0x08007464   0x00000066   Code   RO         5268    i.LCD_ShowString    lcd.o
    0x080074ca   0x080074ca   0x00000002   PAD
    0x080074cc   0x080074cc   0x00000018   Code   RO         5270    i.LCD_WR_DATA       lcd.o
    0x080074e4   0x080074e4   0x00000018   Code   RO         5271    i.LCD_WR_REG        lcd.o
    0x080074fc   0x080074fc   0x00000014   Code   RO         5273    i.LCD_WriteRAM_Prepare  lcd.o
    0x08007510   0x08007510   0x00000010   Code   RO         5274    i.LCD_WriteReg      lcd.o
    0x08007520   0x08007520   0x00000058   Code   RO         5088    i.LED_Init          led.o
    0x08007578   0x08007578   0x00000024   Code   RO         5475    i.LTDC_Clear        ltdc.o
    0x0800759c   0x0800759c   0x0000002e   Code   RO         5476    i.LTDC_Clk_Set      ltdc.o
    0x080075ca   0x080075ca   0x00000002   PAD
    0x080075cc   0x080075cc   0x0000002c   Code   RO         5478    i.LTDC_Display_Dir  ltdc.o
    0x080075f8   0x080075f8   0x00000050   Code   RO         5479    i.LTDC_Draw_Point   ltdc.o
    0x08007648   0x08007648   0x00000148   Code   RO         5480    i.LTDC_Fill         ltdc.o
    0x08007790   0x08007790   0x00000410   Code   RO         5481    i.LTDC_Init         ltdc.o
    0x08007ba0   0x08007ba0   0x0000007c   Code   RO         5482    i.LTDC_Layer_Parameter_Config  ltdc.o
    0x08007c1c   0x08007c1c   0x00000030   Code   RO         5484    i.LTDC_Layer_Window_Config  ltdc.o
    0x08007c4c   0x08007c4c   0x000000d4   Code   RO         5485    i.LTDC_PanelID_Read  ltdc.o
    0x08007d20   0x08007d20   0x0000000c   Code   RO         5487    i.LTDC_Select_Layer  ltdc.o
    0x08007d2c   0x08007d2c   0x00000212   Code   RO         4239    i.LTDC_SetConfig    stm32h7xx_hal_ltdc.o
    0x08007f3e   0x08007f3e   0x00000002   PAD
    0x08007f40   0x08007f40   0x000000a4   Code   RO         5695    i.MYDMA_Config      dma.o
    0x08007fe4   0x08007fe4   0x00000002   Code   RO          349    i.NMI_Handler       stm32h7xx_it.o
    0x08007fe6   0x08007fe6   0x00000002   Code   RO          350    i.PendSV_Handler    stm32h7xx_it.o
    0x08007fe8   0x08007fe8   0x00000130   Code   RO         2025    i.RCCEx_PLL2_Config  stm32h7xx_hal_rcc_ex.o
    0x08008118   0x08008118   0x00000130   Code   RO         2026    i.RCCEx_PLL3_Config  stm32h7xx_hal_rcc_ex.o
    0x08008248   0x08008248   0x0000009c   Code   RO          539    i.SCB_EnableDCache  sys.o
    0x080082e4   0x080082e4   0x0000007c   Code   RO          540    i.SCB_EnableICache  sys.o
    0x08008360   0x08008360   0x00000068   Code   RO         5185    i.SDRAM_Init        sdram.o
    0x080083c8   0x080083c8   0x00000054   Code   RO         5186    i.SDRAM_Initialization_Sequence  sdram.o
    0x0800841c   0x0800841c   0x00000048   Code   RO         5187    i.SDRAM_Send_Cmd    sdram.o
    0x08008464   0x08008464   0x00000002   Code   RO          351    i.SVC_Handler       stm32h7xx_it.o
    0x08008466   0x08008466   0x00000002   PAD
    0x08008468   0x08008468   0x000000f8   Code   RO          541    i.Stm32_Clock_Init  sys.o
    0x08008560   0x08008560   0x00000008   Code   RO          352    i.SysTick_Handler   stm32h7xx_it.o
    0x08008568   0x08008568   0x00000094   Code   RO          421    i.SystemInit        system_stm32h7xx.o
    0x080085fc   0x080085fc   0x00000044   Code   RO         5726    i.TIM4_IRQHandler   usmart.o
    0x08008640   0x08008640   0x000000cc   Code   RO         2938    i.TIM_Base_SetConfig  stm32h7xx_hal_tim.o
    0x0800870c   0x0800870c   0x0000005c   Code   RO         5727    i.Timer4_Init       usmart.o
    0x08008768   0x08008768   0x000000ea   Code   RO         2209    i.UART_AdvFeatureConfig  stm32h7xx_hal_uart.o
    0x08008852   0x08008852   0x00000074   Code   RO         2210    i.UART_CheckIdleState  stm32h7xx_hal_uart.o
    0x080088c6   0x080088c6   0x00000018   Code   RO         2211    i.UART_DMAAbortOnError  stm32h7xx_hal_uart.o
    0x080088de   0x080088de   0x0000005c   Code   RO         2212    i.UART_DMAError     stm32h7xx_hal_uart.o
    0x0800893a   0x0800893a   0x00000036   Code   RO         2217    i.UART_DMATransmitCplt  stm32h7xx_hal_uart.o
    0x08008970   0x08008970   0x0000000e   Code   RO         2219    i.UART_DMATxHalfCplt  stm32h7xx_hal_uart.o
    0x0800897e   0x0800897e   0x00000020   Code   RO         2221    i.UART_EndRxTransfer  stm32h7xx_hal_uart.o
    0x0800899e   0x0800899e   0x00000020   Code   RO         2222    i.UART_EndTransmit_IT  stm32h7xx_hal_uart.o
    0x080089be   0x080089be   0x00000014   Code   RO         2223    i.UART_EndTxTransfer  stm32h7xx_hal_uart.o
    0x080089d2   0x080089d2   0x0000008a   Code   RO         2224    i.UART_Receive_IT   stm32h7xx_hal_uart.o
    0x08008a5c   0x08008a5c   0x000009a4   Code   RO         2225    i.UART_SetConfig    stm32h7xx_hal_uart.o
    0x08009400   0x08009400   0x00000082   Code   RO         2226    i.UART_Transmit_IT  stm32h7xx_hal_uart.o
    0x08009482   0x08009482   0x0000006c   Code   RO         2227    i.UART_WaitOnFlagUntilTimeout  stm32h7xx_hal_uart.o
    0x080094ee   0x080094ee   0x00000002   PAD
    0x080094f0   0x080094f0   0x00000050   Code   RO          599    i.USART1_IRQHandler  usart.o
    0x08009540   0x08009540   0x00000004   Code   RO          353    i.UsageFault_Handler  stm32h7xx_it.o
    0x08009544   0x08009544   0x00000010   Code   RO          997    i.__NVIC_GetPriorityGrouping  stm32h7xx_hal_cortex.o
    0x08009554   0x08009554   0x00000028   Code   RO          998    i.__NVIC_SetPriority  stm32h7xx_hal_cortex.o
    0x0800957c   0x0800957c   0x0000000e   Code   RO         5972    i._is_digit         c_w.l(__printf_wp.o)
    0x0800958a   0x0800958a   0x00000004   Code   RO          600    i._sys_exit         usart.o
    0x0800958e   0x0800958e   0x00000002   PAD
    0x08009590   0x08009590   0x00000014   Code   RO          496    i.delay_init        delay.o
    0x080095a4   0x080095a4   0x00000018   Code   RO          497    i.delay_ms          delay.o
    0x080095bc   0x080095bc   0x00000048   Code   RO          498    i.delay_us          delay.o
    0x08009604   0x08009604   0x0000001c   Code   RO          601    i.fputc             usart.o
    0x08009620   0x08009620   0x0000038c   Code   RO            4    i.main              main.o
    0x080099ac   0x080099ac   0x00000006   Code   RO         5728    i.read_addr         usmart.o
    0x080099b2   0x080099b2   0x00000002   PAD
    0x080099b4   0x080099b4   0x00000038   Code   RO          602    i.uart_init         usart.o
    0x080099ec   0x080099ec   0x000000b0   Code   RO         5729    i.usmart_cmd_rec    usmart.o
    0x08009a9c   0x08009a9c   0x000002d4   Code   RO         5730    i.usmart_exe        usmart.o
    0x08009d70   0x08009d70   0x000000d4   Code   RO         5816    i.usmart_get_aparm  usmart_str.o
    0x08009e44   0x08009e44   0x00000036   Code   RO         5817    i.usmart_get_cmdname  usmart_str.o
    0x08009e7a   0x08009e7a   0x00000002   PAD
    0x08009e7c   0x08009e7c   0x000001c0   Code   RO         5818    i.usmart_get_fname  usmart_str.o
    0x0800a03c   0x0800a03c   0x0000010c   Code   RO         5819    i.usmart_get_fparam  usmart_str.o
    0x0800a148   0x0800a148   0x00000020   Code   RO         5820    i.usmart_get_parmpos  usmart_str.o
    0x0800a168   0x0800a168   0x00000044   Code   RO         5731    i.usmart_get_runtime  usmart.o
    0x0800a1ac   0x0800a1ac   0x00000028   Code   RO         5732    i.usmart_init       usmart.o
    0x0800a1d4   0x0800a1d4   0x00000016   Code   RO         5821    i.usmart_pow        usmart_str.o
    0x0800a1ea   0x0800a1ea   0x00000002   PAD
    0x0800a1ec   0x0800a1ec   0x00000034   Code   RO         5733    i.usmart_reset_runtime  usmart.o
    0x0800a220   0x0800a220   0x000000bc   Code   RO         5734    i.usmart_scan       usmart.o
    0x0800a2dc   0x0800a2dc   0x00000016   Code   RO         5822    i.usmart_search_nextc  usmart_str.o
    0x0800a2f2   0x0800a2f2   0x00000106   Code   RO         5823    i.usmart_str2num    usmart_str.o
    0x0800a3f8   0x0800a3f8   0x00000022   Code   RO         5824    i.usmart_strcmp     usmart_str.o
    0x0800a41a   0x0800a41a   0x00000016   Code   RO         5825    i.usmart_strcopy    usmart_str.o
    0x0800a430   0x0800a430   0x00000018   Code   RO         5826    i.usmart_strlen     usmart_str.o
    0x0800a448   0x0800a448   0x000006f4   Code   RO         5735    i.usmart_sys_cmd_exe  usmart.o
    0x0800ab3c   0x0800ab3c   0x00000004   Code   RO         5736    i.write_addr        usmart.o
    0x0800ab40   0x0800ab40   0x0000000a   Code   RO         6114    x$fpl$fpinit        fz_wv.l(fpinit.o)
    0x0800ab4a   0x0800ab4a   0x00000055   Data   RO            6    .constdata          main.o
    0x0800ab9f   0x0800ab9f   0x00000001   PAD
    0x0800aba0   0x0800aba0   0x00000040   Data   RO          422    .constdata          system_stm32h7xx.o
    0x0800abe0   0x0800abe0   0x00000038   Data   RO         1143    .constdata          stm32h7xx_hal_dma.o
    0x0800ac18   0x0800ac18   0x00000030   Data   RO         2228    .constdata          stm32h7xx_hal_uart.o
    0x0800ac48   0x0800ac48   0x00004770   Data   RO         5277    .constdata          lcd.o
    0x0800f3b8   0x0800f3b8   0x00000028   Data   RO         5945    .constdata          c_w.l(_printf_hex_int.o)
    0x0800f3e0   0x0800f3e0   0x00000011   Data   RO         5980    .constdata          c_w.l(__printf_flags_ss_wp.o)
    0x0800f3f1   0x0800f3f1   0x00000003   PAD
    0x0800f3f4   0x0800f3f4   0x00000028   Data   RO         5739    .conststring        usmart.o
    0x0800f41c   0x0800f41c   0x0000003c   Data   RO         5903    .conststring        usmart_config.o
    0x0800f458   0x0800f458   0x00000020   Data   RO         6170    Region$$Table       anon$$obj.o


    Execution Region RW_IRAM2 (Exec base: 0x24000000, Load base: 0x0800f478, Size: 0x000029e0, Max: 0x00080000, ABSOLUTE, COMPRESSED[0x0000004c])

    Exec Addr    Load Addr    Size         Type   Attr      Idx    E Section Name        Object

    0x24000000   COMPRESSED   0x00000008   Data   RW          423    .data               system_stm32h7xx.o
    0x24000008   COMPRESSED   0x00000004   Data   RW          500    .data               delay.o
    0x2400000c   COMPRESSED   0x00000007   Data   RW          605    .data               usart.o
    0x24000013   COMPRESSED   0x00000001   PAD
    0x24000014   COMPRESSED   0x00000009   Data   RW          713    .data               stm32h7xx_hal.o
    0x2400001d   COMPRESSED   0x00000001   Data   RW         5117    .data               key.o
    0x2400001e   COMPRESSED   0x00000002   PAD
    0x24000020   COMPRESSED   0x00000008   Data   RW         5278    .data               lcd.o
    0x24000028   COMPRESSED   0x00000008   Data   RW         5492    .data               ltdc.o
    0x24000030   COMPRESSED   0x0000001c   Data   RW         5740    .data               usmart.o
    0x2400004c   COMPRESSED   0x00000104   Data   RW         5904    .data               usmart_config.o
    0x24000150        -       0x00001e78   Zero   RW            5    .bss                main.o
    0x24001fc8        -       0x00000148   Zero   RW          603    .bss                usart.o
    0x24002110        -       0x00000034   Zero   RW         5188    .bss                sdram.o
    0x24002144        -       0x0000005a   Zero   RW         5276    .bss                lcd.o
    0x2400219e   COMPRESSED   0x00000002   PAD
    0x240021a0        -       0x00000128   Zero   RW         5490    .bss                ltdc.o
    0x240022c8        -       0x00000078   Zero   RW         5696    .bss                dma.o
    0x24002340        -       0x00000040   Zero   RW         5737    .bss                usmart.o
    0x24002380        -       0x00000060   Zero   RW         6046    .bss                c_w.l(libspace.o)
    0x240023e0        -       0x00000200   Zero   RW          487    HEAP                startup_stm32h743xx.o
    0x240025e0        -       0x00000400   Zero   RW          486    STACK               startup_stm32h743xx.o



  Load Region LR$$.ARM.__AT_0xC0000000 (Base: 0xc0000000, Size: 0x00000000, Max: 0x001f4000, ABSOLUTE)

    Execution Region ER$$.ARM.__AT_0xC0000000 (Exec base: 0xc0000000, Load base: 0xc0000000, Size: 0x001f4000, Max: 0x001f4000, ABSOLUTE, UNINIT)

    Exec Addr    Load Addr    Size         Type   Attr      Idx    E Section Name        Object

    0xc0000000        -       0x001f4000   Zero   RW         5489    .ARM.__AT_0xC0000000  ltdc.o

